Archive member included to satisfy reference by file (symbol)

c:/st/stm32cubeide_1.1.0/stm32cubeide/plugins/com.st.stm32cube.ide.mcu.externaltools.gnu-tools-for-stm32.7-2018-q2-update.win32_1.4.0.202007081208/tools/bin/../lib/gcc/arm-none-eabi/7.3.1/../../../../arm-none-eabi/lib/thumb/v7e-m/fpv4-sp/hard\libc_nano.a(lib_a-errno.o)
                              Core/Src/syscalls.o (__errno)
c:/st/stm32cubeide_1.1.0/stm32cubeide/plugins/com.st.stm32cube.ide.mcu.externaltools.gnu-tools-for-stm32.7-2018-q2-update.win32_1.4.0.202007081208/tools/bin/../lib/gcc/arm-none-eabi/7.3.1/../../../../arm-none-eabi/lib/thumb/v7e-m/fpv4-sp/hard\libc_nano.a(lib_a-exit.o)
                              c:/st/stm32cubeide_1.1.0/stm32cubeide/plugins/com.st.stm32cube.ide.mcu.externaltools.gnu-tools-for-stm32.7-2018-q2-update.win32_1.4.0.202007081208/tools/bin/../lib/gcc/arm-none-eabi/7.3.1/../../../../arm-none-eabi/lib/thumb/v7e-m/fpv4-sp/hard/crt0.o (exit)
c:/st/stm32cubeide_1.1.0/stm32cubeide/plugins/com.st.stm32cube.ide.mcu.externaltools.gnu-tools-for-stm32.7-2018-q2-update.win32_1.4.0.202007081208/tools/bin/../lib/gcc/arm-none-eabi/7.3.1/../../../../arm-none-eabi/lib/thumb/v7e-m/fpv4-sp/hard\libc_nano.a(lib_a-impure.o)
                              c:/st/stm32cubeide_1.1.0/stm32cubeide/plugins/com.st.stm32cube.ide.mcu.externaltools.gnu-tools-for-stm32.7-2018-q2-update.win32_1.4.0.202007081208/tools/bin/../lib/gcc/arm-none-eabi/7.3.1/../../../../arm-none-eabi/lib/thumb/v7e-m/fpv4-sp/hard\libc_nano.a(lib_a-exit.o) (_global_impure_ptr)
c:/st/stm32cubeide_1.1.0/stm32cubeide/plugins/com.st.stm32cube.ide.mcu.externaltools.gnu-tools-for-stm32.7-2018-q2-update.win32_1.4.0.202007081208/tools/bin/../lib/gcc/arm-none-eabi/7.3.1/../../../../arm-none-eabi/lib/thumb/v7e-m/fpv4-sp/hard\libc_nano.a(lib_a-init.o)
                              c:/st/stm32cubeide_1.1.0/stm32cubeide/plugins/com.st.stm32cube.ide.mcu.externaltools.gnu-tools-for-stm32.7-2018-q2-update.win32_1.4.0.202007081208/tools/bin/../lib/gcc/arm-none-eabi/7.3.1/../../../../arm-none-eabi/lib/thumb/v7e-m/fpv4-sp/hard/crt0.o (__libc_init_array)
c:/st/stm32cubeide_1.1.0/stm32cubeide/plugins/com.st.stm32cube.ide.mcu.externaltools.gnu-tools-for-stm32.7-2018-q2-update.win32_1.4.0.202007081208/tools/bin/../lib/gcc/arm-none-eabi/7.3.1/../../../../arm-none-eabi/lib/thumb/v7e-m/fpv4-sp/hard\libc_nano.a(lib_a-memcpy-stub.o)
                              Middlewares/Third_Party/FreeRTOS/Source/queue.o (memcpy)
c:/st/stm32cubeide_1.1.0/stm32cubeide/plugins/com.st.stm32cube.ide.mcu.externaltools.gnu-tools-for-stm32.7-2018-q2-update.win32_1.4.0.202007081208/tools/bin/../lib/gcc/arm-none-eabi/7.3.1/../../../../arm-none-eabi/lib/thumb/v7e-m/fpv4-sp/hard\libc_nano.a(lib_a-memset.o)
                              c:/st/stm32cubeide_1.1.0/stm32cubeide/plugins/com.st.stm32cube.ide.mcu.externaltools.gnu-tools-for-stm32.7-2018-q2-update.win32_1.4.0.202007081208/tools/bin/../lib/gcc/arm-none-eabi/7.3.1/../../../../arm-none-eabi/lib/thumb/v7e-m/fpv4-sp/hard/crt0.o (memset)
c:/st/stm32cubeide_1.1.0/stm32cubeide/plugins/com.st.stm32cube.ide.mcu.externaltools.gnu-tools-for-stm32.7-2018-q2-update.win32_1.4.0.202007081208/tools/bin/../lib/gcc/arm-none-eabi/7.3.1/thumb/v7e-m/fpv4-sp/hard\libgcc.a(_aeabi_uldivmod.o)
                              Drivers/STM32F4xx_HAL_Driver/Src/stm32f4xx_hal_rcc.o (__aeabi_uldivmod)
c:/st/stm32cubeide_1.1.0/stm32cubeide/plugins/com.st.stm32cube.ide.mcu.externaltools.gnu-tools-for-stm32.7-2018-q2-update.win32_1.4.0.202007081208/tools/bin/../lib/gcc/arm-none-eabi/7.3.1/thumb/v7e-m/fpv4-sp/hard\libgcc.a(_udivmoddi4.o)
                              c:/st/stm32cubeide_1.1.0/stm32cubeide/plugins/com.st.stm32cube.ide.mcu.externaltools.gnu-tools-for-stm32.7-2018-q2-update.win32_1.4.0.202007081208/tools/bin/../lib/gcc/arm-none-eabi/7.3.1/thumb/v7e-m/fpv4-sp/hard\libgcc.a(_aeabi_uldivmod.o) (__udivmoddi4)
c:/st/stm32cubeide_1.1.0/stm32cubeide/plugins/com.st.stm32cube.ide.mcu.externaltools.gnu-tools-for-stm32.7-2018-q2-update.win32_1.4.0.202007081208/tools/bin/../lib/gcc/arm-none-eabi/7.3.1/thumb/v7e-m/fpv4-sp/hard\libgcc.a(_dvmd_tls.o)
                              c:/st/stm32cubeide_1.1.0/stm32cubeide/plugins/com.st.stm32cube.ide.mcu.externaltools.gnu-tools-for-stm32.7-2018-q2-update.win32_1.4.0.202007081208/tools/bin/../lib/gcc/arm-none-eabi/7.3.1/thumb/v7e-m/fpv4-sp/hard\libgcc.a(_aeabi_uldivmod.o) (__aeabi_ldiv0)

Allocating common symbols
Common symbol       size              file

defaultTaskHandle   0x4               Core/Src/freertos.o
uwTick              0x4               Drivers/STM32F4xx_HAL_Driver/Src/stm32f4xx_hal.o
xQueueRegistry      0x40              Middlewares/Third_Party/FreeRTOS/Source/queue.o
pFlash              0x20              Drivers/STM32F4xx_HAL_Driver/Src/stm32f4xx_hal_flash.o
display_buf         0x25800           Core/Src/main.o
htim6               0x40              Core/Src/stm32f4xx_hal_timebase_tim.o
[...]
Memory Configuration

Name             Origin             Length             Attributes
CCMRAM           0x0000000010000000 0x0000000000010000 xrw
RAM              0x0000000020000000 0x0000000000030000 xrw
FLASH            0x0000000008000000 0x0000000000080000 xr
*default*        0x0000000000000000 0xffffffffffffffff

Linker script and memory map

LOAD c:/st/stm32cubeide_1.1.0/stm32cubeide/plugins/com.st.stm32cube.ide.mcu.externaltools.gnu-tools-for-stm32.7-2018-q2-update.win32_1.4.0.202007081208/tools/bin/../lib/gcc/arm-none-eabi/7.3.1/thumb/v7e-m/fpv4-sp/hard/crti.o
LOAD c:/st/stm32cubeide_1.1.0/stm32cubeide/plugins/com.st.stm32cube.ide.mcu.externaltools.gnu-tools-for-stm32.7-2018-q2-update.win32_1.4.0.202007081208/tools/bin/../lib/gcc/arm-none-eabi/7.3.1/thumb/v7e-m/fpv4-sp/hard/crtbegin.o
LOAD c:/st/stm32cubeide_1.1.0/stm32cubeide/plugins/com.st.stm32cube.ide.mcu.externaltools.gnu-tools-for-stm32.7-2018-q2-update.win32_1.4.0.202007081208/tools/bin/../lib/gcc/arm-none-eabi/7.3.1/../../../../arm-none-eabi/lib/thumb/v7e-m/fpv4-sp/hard/crt0.o
LOAD Core/Src/dma.o
LOAD Core/Src/freertos.o
LOAD Core/Src/gpio.o
LOAD Core/Src/ili9341.o
LOAD Core/Src/main.o
LOAD Core/Src/spi.o
LOAD Core/Src/stm32f4xx_hal_msp.o
LOAD Core/Src/stm32f4xx_hal_timebase_tim.o
LOAD Core/Src/stm32f4xx_it.o
LOAD Core/Src/syscalls.o
LOAD Core/Src/sysmem.o
LOAD Core/Src/system_stm32f4xx.o
LOAD Core/Startup/startup_stm32f429ietx.o
LOAD Drivers/STM32F4xx_HAL_Driver/Src/stm32f4xx_hal.o
LOAD Drivers/STM32F4xx_HAL_Driver/Src/stm32f4xx_hal_cortex.o
LOAD Drivers/STM32F4xx_HAL_Driver/Src/stm32f4xx_hal_dma.o
LOAD Drivers/STM32F4xx_HAL_Driver/Src/stm32f4xx_hal_dma_ex.o
LOAD Drivers/STM32F4xx_HAL_Driver/Src/stm32f4xx_hal_exti.o
LOAD Drivers/STM32F4xx_HAL_Driver/Src/stm32f4xx_hal_flash.o
LOAD Drivers/STM32F4xx_HAL_Driver/Src/stm32f4xx_hal_flash_ex.o
LOAD Drivers/STM32F4xx_HAL_Driver/Src/stm32f4xx_hal_flash_ramfunc.o
LOAD Drivers/STM32F4xx_HAL_Driver/Src/stm32f4xx_hal_gpio.o
LOAD Drivers/STM32F4xx_HAL_Driver/Src/stm32f4xx_hal_pwr.o
LOAD Drivers/STM32F4xx_HAL_Driver/Src/stm32f4xx_hal_pwr_ex.o
LOAD Drivers/STM32F4xx_HAL_Driver/Src/stm32f4xx_hal_rcc.o
LOAD Drivers/STM32F4xx_HAL_Driver/Src/stm32f4xx_hal_rcc_ex.o
LOAD Drivers/STM32F4xx_HAL_Driver/Src/stm32f4xx_hal_spi.o
LOAD Drivers/STM32F4xx_HAL_Driver/Src/stm32f4xx_hal_tim.o
LOAD Drivers/STM32F4xx_HAL_Driver/Src/stm32f4xx_hal_tim_ex.o
LOAD Middlewares/Third_Party/FreeRTOS/Source/CMSIS_RTOS/cmsis_os.o
LOAD Middlewares/Third_Party/FreeRTOS/Source/croutine.o
LOAD Middlewares/Third_Party/FreeRTOS/Source/event_groups.o
LOAD Middlewares/Third_Party/FreeRTOS/Source/list.o
LOAD Middlewares/Third_Party/FreeRTOS/Source/queue.o
LOAD Middlewares/Third_Party/FreeRTOS/Source/stream_buffer.o
LOAD Middlewares/Third_Party/FreeRTOS/Source/tasks.o
LOAD Middlewares/Third_Party/FreeRTOS/Source/timers.o
LOAD Middlewares/Third_Party/FreeRTOS/Source/portable/GCC/ARM_CM4F/port.o
LOAD Middlewares/Third_Party/FreeRTOS/Source/portable/MemMang/heap_4.o
START GROUP
LOAD c:/st/stm32cubeide_1.1.0/stm32cubeide/plugins/com.st.stm32cube.ide.mcu.externaltools.gnu-tools-for-stm32.7-2018-q2-update.win32_1.4.0.202007081208/tools/bin/../lib/gcc/arm-none-eabi/7.3.1/../../../../arm-none-eabi/lib/thumb/v7e-m/fpv4-sp/hard\libc_nano.a
LOAD c:/st/stm32cubeide_1.1.0/stm32cubeide/plugins/com.st.stm32cube.ide.mcu.externaltools.gnu-tools-for-stm32.7-2018-q2-update.win32_1.4.0.202007081208/tools/bin/../lib/gcc/arm-none-eabi/7.3.1/../../../../arm-none-eabi/lib/thumb/v7e-m/fpv4-sp/hard\libm.a
END GROUP
START GROUP
LOAD c:/st/stm32cubeide_1.1.0/stm32cubeide/plugins/com.st.stm32cube.ide.mcu.externaltools.gnu-tools-for-stm32.7-2018-q2-update.win32_1.4.0.202007081208/tools/bin/../lib/gcc/arm-none-eabi/7.3.1/thumb/v7e-m/fpv4-sp/hard\libgcc.a
LOAD c:/st/stm32cubeide_1.1.0/stm32cubeide/plugins/com.st.stm32cube.ide.mcu.externaltools.gnu-tools-for-stm32.7-2018-q2-update.win32_1.4.0.202007081208/tools/bin/../lib/gcc/arm-none-eabi/7.3.1/../../../../arm-none-eabi/lib/thumb/v7e-m/fpv4-sp/hard\libc_nano.a
END GROUP
START GROUP
LOAD c:/st/stm32cubeide_1.1.0/stm32cubeide/plugins/com.st.stm32cube.ide.mcu.externaltools.gnu-tools-for-stm32.7-2018-q2-update.win32_1.4.0.202007081208/tools/bin/../lib/gcc/arm-none-eabi/7.3.1/thumb/v7e-m/fpv4-sp/hard\libgcc.a
LOAD c:/st/stm32cubeide_1.1.0/stm32cubeide/plugins/com.st.stm32cube.ide.mcu.externaltools.gnu-tools-for-stm32.7-2018-q2-update.win32_1.4.0.202007081208/tools/bin/../lib/gcc/arm-none-eabi/7.3.1/../../../../arm-none-eabi/lib/thumb/v7e-m/fpv4-sp/hard\libc_nano.a
LOAD c:/st/stm32cubeide_1.1.0/stm32cubeide/plugins/com.st.stm32cube.ide.mcu.externaltools.gnu-tools-for-stm32.7-2018-q2-update.win32_1.4.0.202007081208/tools/bin/../lib/gcc/arm-none-eabi/7.3.1/../../../../arm-none-eabi/lib/thumb/v7e-m/fpv4-sp/hard\libnosys.a
END GROUP
START GROUP
LOAD c:/st/stm32cubeide_1.1.0/stm32cubeide/plugins/com.st.stm32cube.ide.mcu.externaltools.gnu-tools-for-stm32.7-2018-q2-update.win32_1.4.0.202007081208/tools/bin/../lib/gcc/arm-none-eabi/7.3.1/thumb/v7e-m/fpv4-sp/hard\libgcc.a
LOAD c:/st/stm32cubeide_1.1.0/stm32cubeide/plugins/com.st.stm32cube.ide.mcu.externaltools.gnu-tools-for-stm32.7-2018-q2-update.win32_1.4.0.202007081208/tools/bin/../lib/gcc/arm-none-eabi/7.3.1/../../../../arm-none-eabi/lib/thumb/v7e-m/fpv4-sp/hard\libc_nano.a
LOAD c:/st/stm32cubeide_1.1.0/stm32cubeide/plugins/com.st.stm32cube.ide.mcu.externaltools.gnu-tools-for-stm32.7-2018-q2-update.win32_1.4.0.202007081208/tools/bin/../lib/gcc/arm-none-eabi/7.3.1/../../../../arm-none-eabi/lib/thumb/v7e-m/fpv4-sp/hard\libnosys.a
END GROUP
LOAD c:/st/stm32cubeide_1.1.0/stm32cubeide/plugins/com.st.stm32cube.ide.mcu.externaltools.gnu-tools-for-stm32.7-2018-q2-update.win32_1.4.0.202007081208/tools/bin/../lib/gcc/arm-none-eabi/7.3.1/thumb/v7e-m/fpv4-sp/hard/crtend.o
LOAD c:/st/stm32cubeide_1.1.0/stm32cubeide/plugins/com.st.stm32cube.ide.mcu.externaltools.gnu-tools-for-stm32.7-2018-q2-update.win32_1.4.0.202007081208/tools/bin/../lib/gcc/arm-none-eabi/7.3.1/thumb/v7e-m/fpv4-sp/hard/crtn.o
                0x0000000020030000                _estack = (ORIGIN (RAM) + LENGTH (RAM))
                0x0000000000000200                _Min_Heap_Size = 0x200
                0x0000000000000400                _Min_Stack_Size = 0x400

.isr_vector     0x0000000008000000      0x1ac
                0x0000000008000000                . = ALIGN (0x4)
 *(.isr_vector)
 .isr_vector    0x0000000008000000      0x1ac Core/Startup/startup_stm32f429ietx.o
                0x0000000008000000                g_pfnVectors
                0x00000000080001ac                . = ALIGN (0x4)

.text           0x00000000080001b0     0x4730
                0x00000000080001b0                . = ALIGN (0x4)
 *(.text)
 .text          0x00000000080001b0       0x40 c:/st/stm32cubeide_1.1.0/stm32cubeide/plugins/com.st.stm32cube.ide.mcu.externaltools.gnu-tools-for-stm32.7-2018-q2-update.win32_1.4.0.202007081208/tools/bin/../lib/gcc/arm-none-eabi/7.3.1/thumb/v7e-m/fpv4-sp/hard/crtbegin.o
 .text          0x00000000080001f0       0x30 c:/st/stm32cubeide_1.1.0/stm32cubeide/plugins/com.st.stm32cube.ide.mcu.externaltools.gnu-tools-for-stm32.7-2018-q2-update.win32_1.4.0.202007081208/tools/bin/../lib/gcc/arm-none-eabi/7.3.1/thumb/v7e-m/fpv4-sp/hard\libgcc.a(_aeabi_uldivmod.o)
                0x00000000080001f0                __aeabi_uldivmod
 .text          0x0000000008000220      0x2cc c:/st/stm32cubeide_1.1.0/stm32cubeide/plugins/com.st.stm32cube.ide.mcu.externaltools.gnu-tools-for-stm32.7-2018-q2-update.win32_1.4.0.202007081208/tools/bin/../lib/gcc/arm-none-eabi/7.3.1/thumb/v7e-m/fpv4-sp/hard\libgcc.a(_udivmoddi4.o)
                0x0000000008000220                __udivmoddi4
 .text          0x00000000080004ec        0x4 c:/st/stm32cubeide_1.1.0/stm32cubeide/plugins/com.st.stm32cube.ide.mcu.externaltools.gnu-tools-for-stm32.7-2018-q2-update.win32_1.4.0.202007081208/tools/bin/../lib/gcc/arm-none-eabi/7.3.1/thumb/v7e-m/fpv4-sp/hard\libgcc.a(_dvmd_tls.o)
                0x00000000080004ec                __aeabi_idiv0
                0x00000000080004ec                __aeabi_ldiv0
 *(.text*)
 .text.MX_DMA_Init
                0x00000000080004f0       0x40 Core/Src/dma.o
                0x00000000080004f0                MX_DMA_Init
 .text.vApplicationGetIdleTaskMemory
                0x0000000008000530       0x34 Core/Src/freertos.o
                0x0000000008000530                vApplicationGetIdleTaskMemory
 .text.MX_FREERTOS_Init
                0x0000000008000564       0x38 Core/Src/freertos.o
                0x0000000008000564                MX_FREERTOS_Init
 .text.StartDefaultTask
                0x000000000800059c       0x10 Core/Src/freertos.o
                0x000000000800059c                StartDefaultTask
 .text.MX_GPIO_Init
                0x00000000080005ac       0xf8 Core/Src/gpio.o
                0x00000000080005ac                MX_GPIO_Init
 .text.ILI_Enable
                0x00000000080006a4       0x18 Core/Src/ili9341.o
                0x00000000080006a4                ILI_Enable
 .text.ILI_SPI_Write
                0x00000000080006bc       0x68 Core/Src/ili9341.o
 .text.ILI_Write_Command
                0x0000000008000724       0x1e Core/Src/ili9341.o
                0x0000000008000724                ILI_Write_Command
 .text.ILI_Write_Data
                0x0000000008000742       0x1e Core/Src/ili9341.o
                0x0000000008000742                ILI_Write_Data
 .text.ILI_Set_Address
                0x0000000008000760       0xc4 Core/Src/ili9341.o
                0x0000000008000760                ILI_Set_Address
 .text.ILI_Set_Rotation
                0x0000000008000824       0x58 Core/Src/ili9341.o
                0x0000000008000824                ILI_Set_Rotation
 .text.ILI_Init
                0x000000000800087c      0x21e Core/Src/ili9341.o
                0x000000000800087c                ILI_Init
 *fill*         0x0000000008000a9a        0x2 
 .text.ILI_SPI_SetDataSize
                0x0000000008000a9c       0x68 Core/Src/ili9341.o
 .text.ILI_SPI_DMA_SetMemInc
                0x0000000008000b04       0x54 Core/Src/ili9341.o
 .text.ILI_DMA_Transfer
                0x0000000008000b58       0x9c Core/Src/ili9341.o
 .text.ILI_DMA_Load
                0x0000000008000bf4       0x30 Core/Src/ili9341.o
                0x0000000008000bf4                ILI_DMA_Load
 .text.ILI_DMA_Fill
                0x0000000008000c24       0x38 Core/Src/ili9341.o
                0x0000000008000c24                ILI_DMA_Fill
 .text.ILI_DMA_Callback
                0x0000000008000c5c       0xc4 Core/Src/ili9341.o
                0x0000000008000c5c                ILI_DMA_Callback
 .text.ILI_DMA_Busy
                0x0000000008000d20       0x18 Core/Src/ili9341.o
                0x0000000008000d20                ILI_DMA_Busy
 .text.HAL_SPI_TxCpltCallback
                0x0000000008000d38       0x24 Core/Src/main.o
                0x0000000008000d38                HAL_SPI_TxCpltCallback
 .text.main     0x0000000008000d5c       0xa4 Core/Src/main.o
                0x0000000008000d5c                main
 .text.SystemClock_Config
                0x0000000008000e00       0xe0 Core/Src/main.o
                0x0000000008000e00                SystemClock_Config
 .text.HAL_TIM_PeriodElapsedCallback
                0x0000000008000ee0       0x24 Core/Src/main.o
                0x0000000008000ee0                HAL_TIM_PeriodElapsedCallback
 .text.Error_Handler
                0x0000000008000f04        0xe Core/Src/main.o
                0x0000000008000f04                Error_Handler
 *fill*         0x0000000008000f12        0x2 
 .text.MX_SPI1_Init
                0x0000000008000f14       0x6c Core/Src/spi.o
                0x0000000008000f14                MX_SPI1_Init
 .text.HAL_SPI_MspInit
                0x0000000008000f80       0xf8 Core/Src/spi.o
                0x0000000008000f80                HAL_SPI_MspInit
 .text.HAL_MspInit
                0x0000000008001078       0x50 Core/Src/stm32f4xx_hal_msp.o
                0x0000000008001078                HAL_MspInit
 .text.HAL_InitTick
                0x00000000080010c8       0xb4 Core/Src/stm32f4xx_hal_timebase_tim.o
                0x00000000080010c8                HAL_InitTick
 .text.NMI_Handler
                0x000000000800117c        0xe Core/Src/stm32f4xx_it.o
                0x000000000800117c                NMI_Handler
 .text.HardFault_Handler
                0x000000000800118a        0x6 Core/Src/stm32f4xx_it.o
                0x000000000800118a                HardFault_Handler
 .text.MemManage_Handler
                0x0000000008001190        0x6 Core/Src/stm32f4xx_it.o
                0x0000000008001190                MemManage_Handler
 .text.BusFault_Handler
                0x0000000008001196        0x6 Core/Src/stm32f4xx_it.o
                0x0000000008001196                BusFault_Handler
 .text.UsageFault_Handler
                0x000000000800119c        0x6 Core/Src/stm32f4xx_it.o
                0x000000000800119c                UsageFault_Handler
 .text.DebugMon_Handler
                0x00000000080011a2        0xe Core/Src/stm32f4xx_it.o
                0x00000000080011a2                DebugMon_Handler
 .text.TIM6_DAC_IRQHandler
                0x00000000080011b0       0x14 Core/Src/stm32f4xx_it.o
                0x00000000080011b0                TIM6_DAC_IRQHandler
 .text.DMA2_Stream3_IRQHandler
                0x00000000080011c4       0x14 Core/Src/stm32f4xx_it.o
                0x00000000080011c4                DMA2_Stream3_IRQHandler
 .text.SystemInit
                0x00000000080011d8       0x2c Core/Src/system_stm32f4xx.o
                0x00000000080011d8                SystemInit
 .text.Reset_Handler
                0x0000000008001204       0x50 Core/Startup/startup_stm32f429ietx.o
                0x0000000008001204                Reset_Handler
 .text.Default_Handler
                0x0000000008001254        0x2 Core/Startup/startup_stm32f429ietx.o
                0x0000000008001254                RTC_Alarm_IRQHandler
                0x0000000008001254                HASH_RNG_IRQHandler
                0x0000000008001254                EXTI2_IRQHandler
                0x0000000008001254                TIM8_CC_IRQHandler
                0x0000000008001254                UART8_IRQHandler
                0x0000000008001254                SPI4_IRQHandler
                0x0000000008001254                TIM1_CC_IRQHandler
                0x0000000008001254                DMA2_Stream5_IRQHandler
                0x0000000008001254                DMA1_Stream5_IRQHandler
                0x0000000008001254                PVD_IRQHandler
                0x0000000008001254                SDIO_IRQHandler
                0x0000000008001254                TAMP_STAMP_IRQHandler
                0x0000000008001254                CAN2_RX1_IRQHandler
                0x0000000008001254                EXTI3_IRQHandler
                0x0000000008001254                TIM8_TRG_COM_TIM14_IRQHandler
                0x0000000008001254                TIM1_UP_TIM10_IRQHandler
                0x0000000008001254                TIM8_UP_TIM13_IRQHandler
                0x0000000008001254                I2C3_ER_IRQHandler
                0x0000000008001254                EXTI0_IRQHandler
                0x0000000008001254                I2C2_EV_IRQHandler
                0x0000000008001254                DMA1_Stream2_IRQHandler
                0x0000000008001254                CAN1_RX0_IRQHandler
                0x0000000008001254                FPU_IRQHandler
                0x0000000008001254                OTG_HS_WKUP_IRQHandler
                0x0000000008001254                LTDC_ER_IRQHandler
                0x0000000008001254                CAN2_SCE_IRQHandler
                0x0000000008001254                DMA2_Stream2_IRQHandler
                0x0000000008001254                SPI1_IRQHandler
                0x0000000008001254                TIM1_BRK_TIM9_IRQHandler
                0x0000000008001254                DCMI_IRQHandler
                0x0000000008001254                CAN2_RX0_IRQHandler
                0x0000000008001254                USART6_IRQHandler
                0x0000000008001254                USART3_IRQHandler
                0x0000000008001254                CAN1_RX1_IRQHandler
                0x0000000008001254                UART5_IRQHandler
                0x0000000008001254                DMA2_Stream0_IRQHandler
                0x0000000008001254                TIM4_IRQHandler
                0x0000000008001254                I2C1_EV_IRQHandler
                0x0000000008001254                DMA1_Stream6_IRQHandler
                0x0000000008001254                DMA1_Stream1_IRQHandler
                0x0000000008001254                UART4_IRQHandler
                0x0000000008001254                TIM3_IRQHandler
                0x0000000008001254                RCC_IRQHandler
                0x0000000008001254                TIM8_BRK_TIM12_IRQHandler
                0x0000000008001254                Default_Handler
                0x0000000008001254                EXTI15_10_IRQHandler
                0x0000000008001254                ADC_IRQHandler
                0x0000000008001254                DMA1_Stream7_IRQHandler
                0x0000000008001254                SPI5_IRQHandler
                0x0000000008001254                TIM7_IRQHandler
                0x0000000008001254                CAN2_TX_IRQHandler
                0x0000000008001254                TIM5_IRQHandler
                0x0000000008001254                DMA2_Stream7_IRQHandler
                0x0000000008001254                I2C3_EV_IRQHandler
                0x0000000008001254                EXTI9_5_IRQHandler
                0x0000000008001254                RTC_WKUP_IRQHandler
                0x0000000008001254                LTDC_IRQHandler
                0x0000000008001254                ETH_WKUP_IRQHandler
                0x0000000008001254                SPI2_IRQHandler
                0x0000000008001254                OTG_HS_EP1_IN_IRQHandler
                0x0000000008001254                DMA1_Stream0_IRQHandler
                0x0000000008001254                CAN1_TX_IRQHandler
                0x0000000008001254                EXTI4_IRQHandler
                0x0000000008001254                ETH_IRQHandler
                0x0000000008001254                OTG_HS_EP1_OUT_IRQHandler
                0x0000000008001254                WWDG_IRQHandler
                0x0000000008001254                SPI6_IRQHandler
                0x0000000008001254                TIM2_IRQHandler
                0x0000000008001254                OTG_FS_WKUP_IRQHandler
                0x0000000008001254                TIM1_TRG_COM_TIM11_IRQHandler
                0x0000000008001254                OTG_HS_IRQHandler
                0x0000000008001254                DMA2D_IRQHandler
                0x0000000008001254                EXTI1_IRQHandler
                0x0000000008001254                UART7_IRQHandler
                0x0000000008001254                USART2_IRQHandler
                0x0000000008001254                I2C2_ER_IRQHandler
                0x0000000008001254                DMA2_Stream1_IRQHandler
                0x0000000008001254                CAN1_SCE_IRQHandler
                0x0000000008001254                FLASH_IRQHandler
                0x0000000008001254                DMA2_Stream4_IRQHandler
                0x0000000008001254                USART1_IRQHandler
                0x0000000008001254                OTG_FS_IRQHandler
                0x0000000008001254                SPI3_IRQHandler
                0x0000000008001254                DMA1_Stream4_IRQHandler
                0x0000000008001254                I2C1_ER_IRQHandler
                0x0000000008001254                FMC_IRQHandler
                0x0000000008001254                DMA2_Stream6_IRQHandler
                0x0000000008001254                SAI1_IRQHandler
                0x0000000008001254                DMA1_Stream3_IRQHandler
 *fill*         0x0000000008001256        0x2 
 .text.HAL_Init
                0x0000000008001258       0x44 Drivers/STM32F4xx_HAL_Driver/Src/stm32f4xx_hal.o
                0x0000000008001258                HAL_Init
 .text.HAL_IncTick
                0x000000000800129c       0x28 Drivers/STM32F4xx_HAL_Driver/Src/stm32f4xx_hal.o
                0x000000000800129c                HAL_IncTick
 .text.HAL_GetTick
                0x00000000080012c4       0x18 Drivers/STM32F4xx_HAL_Driver/Src/stm32f4xx_hal.o
                0x00000000080012c4                HAL_GetTick
 .text.HAL_Delay
                0x00000000080012dc       0x44 Drivers/STM32F4xx_HAL_Driver/Src/stm32f4xx_hal.o
                0x00000000080012dc                HAL_Delay
 .text.__NVIC_SetPriorityGrouping
                0x0000000008001320       0x48 Drivers/STM32F4xx_HAL_Driver/Src/stm32f4xx_hal_cortex.o
 .text.__NVIC_GetPriorityGrouping
                0x0000000008001368       0x1c Drivers/STM32F4xx_HAL_Driver/Src/stm32f4xx_hal_cortex.o
 .text.__NVIC_EnableIRQ
                0x0000000008001384       0x3c Drivers/STM32F4xx_HAL_Driver/Src/stm32f4xx_hal_cortex.o
 .text.__NVIC_SetPriority
                0x00000000080013c0       0x54 Drivers/STM32F4xx_HAL_Driver/Src/stm32f4xx_hal_cortex.o
 .text.NVIC_EncodePriority
                0x0000000008001414       0x66 Drivers/STM32F4xx_HAL_Driver/Src/stm32f4xx_hal_cortex.o
 .text.HAL_NVIC_SetPriorityGrouping
                0x000000000800147a       0x16 Drivers/STM32F4xx_HAL_Driver/Src/stm32f4xx_hal_cortex.o
                0x000000000800147a                HAL_NVIC_SetPriorityGrouping
 .text.HAL_NVIC_SetPriority
                0x0000000008001490       0x38 Drivers/STM32F4xx_HAL_Driver/Src/stm32f4xx_hal_cortex.o
                0x0000000008001490                HAL_NVIC_SetPriority
 .text.HAL_NVIC_EnableIRQ
                0x00000000080014c8       0x1c Drivers/STM32F4xx_HAL_Driver/Src/stm32f4xx_hal_cortex.o
                0x00000000080014c8                HAL_NVIC_EnableIRQ
 .text.HAL_DMA_Init
                0x00000000080014e4      0x15c Drivers/STM32F4xx_HAL_Driver/Src/stm32f4xx_hal_dma.o
                0x00000000080014e4                HAL_DMA_Init
 .text.HAL_DMA_Start_IT
                0x0000000008001640       0xb0 Drivers/STM32F4xx_HAL_Driver/Src/stm32f4xx_hal_dma.o
                0x0000000008001640                HAL_DMA_Start_IT
 .text.HAL_DMA_IRQHandler
                0x00000000080016f0      0x314 Drivers/STM32F4xx_HAL_Driver/Src/stm32f4xx_hal_dma.o
                0x00000000080016f0                HAL_DMA_IRQHandler
 .text.DMA_SetConfig
                0x0000000008001a04       0x5c Drivers/STM32F4xx_HAL_Driver/Src/stm32f4xx_hal_dma.o
 .text.DMA_CalcBaseAndBitshift
                0x0000000008001a60       0x6c Drivers/STM32F4xx_HAL_Driver/Src/stm32f4xx_hal_dma.o
 .text.DMA_CheckFifoParam
                0x0000000008001acc       0xf4 Drivers/STM32F4xx_HAL_Driver/Src/stm32f4xx_hal_dma.o
 .text.HAL_GPIO_Init
                0x0000000008001bc0      0x354 Drivers/STM32F4xx_HAL_Driver/Src/stm32f4xx_hal_gpio.o
                0x0000000008001bc0                HAL_GPIO_Init
 .text.HAL_GPIO_WritePin
                0x0000000008001f14       0x32 Drivers/STM32F4xx_HAL_Driver/Src/stm32f4xx_hal_gpio.o
                0x0000000008001f14                HAL_GPIO_WritePin
 *fill*         0x0000000008001f46        0x2 
 .text.HAL_PWREx_EnableOverDrive
                0x0000000008001f48       0xa0 Drivers/STM32F4xx_HAL_Driver/Src/stm32f4xx_hal_pwr_ex.o
                0x0000000008001f48                HAL_PWREx_EnableOverDrive
 .text.HAL_RCC_OscConfig
                0x0000000008001fe8      0x4e0 Drivers/STM32F4xx_HAL_Driver/Src/stm32f4xx_hal_rcc.o
                0x0000000008001fe8                HAL_RCC_OscConfig
 .text.HAL_RCC_ClockConfig
                0x00000000080024c8      0x1cc Drivers/STM32F4xx_HAL_Driver/Src/stm32f4xx_hal_rcc.o
                0x00000000080024c8                HAL_RCC_ClockConfig
 .text.HAL_RCC_GetSysClockFreq
                0x0000000008002694      0x164 Drivers/STM32F4xx_HAL_Driver/Src/stm32f4xx_hal_rcc.o
                0x0000000008002694                HAL_RCC_GetSysClockFreq
 .text.HAL_RCC_GetHCLKFreq
                0x00000000080027f8       0x18 Drivers/STM32F4xx_HAL_Driver/Src/stm32f4xx_hal_rcc.o
                0x00000000080027f8                HAL_RCC_GetHCLKFreq
 .text.HAL_RCC_GetPCLK1Freq
                0x0000000008002810       0x28 Drivers/STM32F4xx_HAL_Driver/Src/stm32f4xx_hal_rcc.o
                0x0000000008002810                HAL_RCC_GetPCLK1Freq
 .text.HAL_RCC_GetClockConfig
                0x0000000008002838       0x64 Drivers/STM32F4xx_HAL_Driver/Src/stm32f4xx_hal_rcc.o
                0x0000000008002838                HAL_RCC_GetClockConfig
 .text.HAL_SPI_Init
                0x000000000800289c       0xc8 Drivers/STM32F4xx_HAL_Driver/Src/stm32f4xx_hal_spi.o
                0x000000000800289c                HAL_SPI_Init
 .text.HAL_SPI_Transmit
                0x0000000008002964      0x268 Drivers/STM32F4xx_HAL_Driver/Src/stm32f4xx_hal_spi.o
                0x0000000008002964                HAL_SPI_Transmit
 .text.HAL_SPI_Transmit_DMA
                0x0000000008002bcc      0x15c Drivers/STM32F4xx_HAL_Driver/Src/stm32f4xx_hal_spi.o
                0x0000000008002bcc                HAL_SPI_Transmit_DMA
 .text.HAL_SPI_TxHalfCpltCallback
                0x0000000008002d28       0x14 Drivers/STM32F4xx_HAL_Driver/Src/stm32f4xx_hal_spi.o
                0x0000000008002d28                HAL_SPI_TxHalfCpltCallback
 .text.HAL_SPI_ErrorCallback
                0x0000000008002d3c       0x14 Drivers/STM32F4xx_HAL_Driver/Src/stm32f4xx_hal_spi.o
                0x0000000008002d3c                HAL_SPI_ErrorCallback
 .text.SPI_DMATransmitCplt
                0x0000000008002d50       0xa8 Drivers/STM32F4xx_HAL_Driver/Src/stm32f4xx_hal_spi.o
 .text.SPI_DMAHalfTransmitCplt
                0x0000000008002df8       0x1c Drivers/STM32F4xx_HAL_Driver/Src/stm32f4xx_hal_spi.o
 .text.SPI_DMAError
                0x0000000008002e14       0x40 Drivers/STM32F4xx_HAL_Driver/Src/stm32f4xx_hal_spi.o
 .text.SPI_WaitFlagStateUntilTimeout
                0x0000000008002e54       0xd4 Drivers/STM32F4xx_HAL_Driver/Src/stm32f4xx_hal_spi.o
 .text.SPI_EndRxTxTransaction
                0x0000000008002f28       0x84 Drivers/STM32F4xx_HAL_Driver/Src/stm32f4xx_hal_spi.o
 .text.HAL_TIM_Base_Init
                0x0000000008002fac       0x56 Drivers/STM32F4xx_HAL_Driver/Src/stm32f4xx_hal_tim.o
                0x0000000008002fac                HAL_TIM_Base_Init
 .text.HAL_TIM_Base_MspInit
                0x0000000008003002       0x14 Drivers/STM32F4xx_HAL_Driver/Src/stm32f4xx_hal_tim.o
                0x0000000008003002                HAL_TIM_Base_MspInit
 .text.HAL_TIM_Base_Start_IT
                0x0000000008003016       0x48 Drivers/STM32F4xx_HAL_Driver/Src/stm32f4xx_hal_tim.o
                0x0000000008003016                HAL_TIM_Base_Start_IT
 .text.HAL_TIM_IRQHandler
                0x000000000800305e      0x210 Drivers/STM32F4xx_HAL_Driver/Src/stm32f4xx_hal_tim.o
                0x000000000800305e                HAL_TIM_IRQHandler
 .text.HAL_TIM_OC_DelayElapsedCallback
                0x000000000800326e       0x14 Drivers/STM32F4xx_HAL_Driver/Src/stm32f4xx_hal_tim.o
                0x000000000800326e                HAL_TIM_OC_DelayElapsedCallback
 .text.HAL_TIM_IC_CaptureCallback
                0x0000000008003282       0x14 Drivers/STM32F4xx_HAL_Driver/Src/stm32f4xx_hal_tim.o
                0x0000000008003282                HAL_TIM_IC_CaptureCallback
 .text.HAL_TIM_PWM_PulseFinishedCallback
                0x0000000008003296       0x14 Drivers/STM32F4xx_HAL_Driver/Src/stm32f4xx_hal_tim.o
                0x0000000008003296                HAL_TIM_PWM_PulseFinishedCallback
 .text.HAL_TIM_TriggerCallback
                0x00000000080032aa       0x14 Drivers/STM32F4xx_HAL_Driver/Src/stm32f4xx_hal_tim.o
                0x00000000080032aa                HAL_TIM_TriggerCallback
 *fill*         0x00000000080032be        0x2 
 .text.TIM_Base_SetConfig
                0x00000000080032c0      0x140 Drivers/STM32F4xx_HAL_Driver/Src/stm32f4xx_hal_tim.o
                0x00000000080032c0                TIM_Base_SetConfig
 .text.HAL_TIMEx_CommutCallback
                0x0000000008003400       0x14 Drivers/STM32F4xx_HAL_Driver/Src/stm32f4xx_hal_tim_ex.o
                0x0000000008003400                HAL_TIMEx_CommutCallback
 .text.HAL_TIMEx_BreakCallback
                0x0000000008003414       0x14 Drivers/STM32F4xx_HAL_Driver/Src/stm32f4xx_hal_tim_ex.o
                0x0000000008003414                HAL_TIMEx_BreakCallback
 .text.makeFreeRtosPriority
                0x0000000008003428       0x30 Middlewares/Third_Party/FreeRTOS/Source/CMSIS_RTOS/cmsis_os.o
 .text.osKernelStart
                0x0000000008003458        0xe Middlewares/Third_Party/FreeRTOS/Source/CMSIS_RTOS/cmsis_os.o
                0x0000000008003458                osKernelStart
 .text.osThreadCreate
                0x0000000008003466       0x98 Middlewares/Third_Party/FreeRTOS/Source/CMSIS_RTOS/cmsis_os.o
                0x0000000008003466                osThreadCreate
 .text.osDelay  0x00000000080034fe       0x28 Middlewares/Third_Party/FreeRTOS/Source/CMSIS_RTOS/cmsis_os.o
                0x00000000080034fe                osDelay
 .text.vListInitialise
                0x0000000008003526       0x40 Middlewares/Third_Party/FreeRTOS/Source/list.o
                0x0000000008003526                vListInitialise
 .text.vListInitialiseItem
                0x0000000008003566       0x1a Middlewares/Third_Party/FreeRTOS/Source/list.o
                0x0000000008003566                vListInitialiseItem
 .text.vListInsertEnd
                0x0000000008003580       0x48 Middlewares/Third_Party/FreeRTOS/Source/list.o
                0x0000000008003580                vListInsertEnd
 .text.vListInsert
                0x00000000080035c8       0x72 Middlewares/Third_Party/FreeRTOS/Source/list.o
                0x00000000080035c8                vListInsert
 .text.uxListRemove
                0x000000000800363a       0x54 Middlewares/Third_Party/FreeRTOS/Source/list.o
                0x000000000800363a                uxListRemove
 .text.xTaskCreateStatic
                0x000000000800368e       0xb4 Middlewares/Third_Party/FreeRTOS/Source/tasks.o
                0x000000000800368e                xTaskCreateStatic
 .text.xTaskCreate
                0x0000000008003742       0x8a Middlewares/Third_Party/FreeRTOS/Source/tasks.o
                0x0000000008003742                xTaskCreate
 .text.prvInitialiseNewTask
                0x00000000080037cc      0x10c Middlewares/Third_Party/FreeRTOS/Source/tasks.o
 .text.prvAddNewTaskToReadyList
                0x00000000080038d8       0xd4 Middlewares/Third_Party/FreeRTOS/Source/tasks.o
 .text.vTaskDelay
                0x00000000080039ac       0x68 Middlewares/Third_Party/FreeRTOS/Source/tasks.o
                0x00000000080039ac                vTaskDelay
 .text.vTaskStartScheduler
                0x0000000008003a14       0xbc Middlewares/Third_Party/FreeRTOS/Source/tasks.o
                0x0000000008003a14                vTaskStartScheduler
 .text.vTaskSuspendAll
                0x0000000008003ad0       0x1c Middlewares/Third_Party/FreeRTOS/Source/tasks.o
                0x0000000008003ad0                vTaskSuspendAll
 .text.xTaskResumeAll
                0x0000000008003aec      0x138 Middlewares/Third_Party/FreeRTOS/Source/tasks.o
                0x0000000008003aec                xTaskResumeAll
 .text.xTaskIncrementTick
                0x0000000008003c24      0x170 Middlewares/Third_Party/FreeRTOS/Source/tasks.o
                0x0000000008003c24                xTaskIncrementTick
 .text.vTaskSwitchContext
                0x0000000008003d94       0xb4 Middlewares/Third_Party/FreeRTOS/Source/tasks.o
                0x0000000008003d94                vTaskSwitchContext
 .text.prvIdleTask
                0x0000000008003e48       0x30 Middlewares/Third_Party/FreeRTOS/Source/tasks.o
 .text.prvInitialiseTaskLists
                0x0000000008003e78       0x80 Middlewares/Third_Party/FreeRTOS/Source/tasks.o
 .text.prvCheckTasksWaitingTermination
                0x0000000008003ef8       0x58 Middlewares/Third_Party/FreeRTOS/Source/tasks.o
 .text.prvDeleteTCB
                0x0000000008003f50       0x5c Middlewares/Third_Party/FreeRTOS/Source/tasks.o
 .text.prvResetNextTaskUnblockTime
                0x0000000008003fac       0x40 Middlewares/Third_Party/FreeRTOS/Source/tasks.o
 .text.prvAddCurrentTaskToDelayedList
                0x0000000008003fec       0xcc Middlewares/Third_Party/FreeRTOS/Source/tasks.o
 .text.pxPortInitialiseStack
                0x00000000080040b8       0x68 Middlewares/Third_Party/FreeRTOS/Source/portable/GCC/ARM_CM4F/port.o
                0x00000000080040b8                pxPortInitialiseStack
 .text.prvTaskExitError
                0x0000000008004120       0x54 Middlewares/Third_Party/FreeRTOS/Source/portable/GCC/ARM_CM4F/port.o
 *fill*         0x0000000008004174        0xc 
 .text.SVC_Handler
                0x0000000008004180       0x28 Middlewares/Third_Party/FreeRTOS/Source/portable/GCC/ARM_CM4F/port.o
                0x0000000008004180                SVC_Handler
 .text.prvPortStartFirstTask
                0x00000000080041a8       0x28 Middlewares/Third_Party/FreeRTOS/Source/portable/GCC/ARM_CM4F/port.o
 .text.xPortStartScheduler
                0x00000000080041d0      0x13c Middlewares/Third_Party/FreeRTOS/Source/portable/GCC/ARM_CM4F/port.o
                0x00000000080041d0                xPortStartScheduler
 .text.vPortEnterCritical
                0x000000000800430c       0x5c Middlewares/Third_Party/FreeRTOS/Source/portable/GCC/ARM_CM4F/port.o
                0x000000000800430c                vPortEnterCritical
 .text.vPortExitCritical
                0x0000000008004368       0x50 Middlewares/Third_Party/FreeRTOS/Source/portable/GCC/ARM_CM4F/port.o
                0x0000000008004368                vPortExitCritical
 *fill*         0x00000000080043b8        0x8 
 .text.PendSV_Handler
                0x00000000080043c0       0x68 Middlewares/Third_Party/FreeRTOS/Source/portable/GCC/ARM_CM4F/port.o
                0x00000000080043c0                PendSV_Handler
 .text.SysTick_Handler
                0x0000000008004428       0x40 Middlewares/Third_Party/FreeRTOS/Source/portable/GCC/ARM_CM4F/port.o
                0x0000000008004428                SysTick_Handler
 .text.vPortSetupTimerInterrupt
                0x0000000008004468       0x48 Middlewares/Third_Party/FreeRTOS/Source/portable/GCC/ARM_CM4F/port.o
                0x0000000008004468                vPortSetupTimerInterrupt
 .text.vPortEnableVFP
                0x00000000080044b0       0x14 Middlewares/Third_Party/FreeRTOS/Source/portable/GCC/ARM_CM4F/port.o
 .text.pvPortMalloc
                0x00000000080044c4      0x184 Middlewares/Third_Party/FreeRTOS/Source/portable/MemMang/heap_4.o
                0x00000000080044c4                pvPortMalloc
 .text.vPortFree
                0x0000000008004648       0xb0 Middlewares/Third_Party/FreeRTOS/Source/portable/MemMang/heap_4.o
                0x0000000008004648                vPortFree
 .text.prvHeapInit
                0x00000000080046f8       0xc4 Middlewares/Third_Party/FreeRTOS/Source/portable/MemMang/heap_4.o
 .text.prvInsertBlockIntoFreeList
                0x00000000080047bc       0xb4 Middlewares/Third_Party/FreeRTOS/Source/portable/MemMang/heap_4.o
 .text.__libc_init_array
                0x0000000008004870       0x48 c:/st/stm32cubeide_1.1.0/stm32cubeide/plugins/com.st.stm32cube.ide.mcu.externaltools.gnu-tools-for-stm32.7-2018-q2-update.win32_1.4.0.202007081208/tools/bin/../lib/gcc/arm-none-eabi/7.3.1/../../../../arm-none-eabi/lib/thumb/v7e-m/fpv4-sp/hard\libc_nano.a(lib_a-init.o)
                0x0000000008004870                __libc_init_array
 .text.memset   0x00000000080048b8       0x10 c:/st/stm32cubeide_1.1.0/stm32cubeide/plugins/com.st.stm32cube.ide.mcu.externaltools.gnu-tools-for-stm32.7-2018-q2-update.win32_1.4.0.202007081208/tools/bin/../lib/gcc/arm-none-eabi/7.3.1/../../../../arm-none-eabi/lib/thumb/v7e-m/fpv4-sp/hard\libc_nano.a(lib_a-memset.o)
                0x00000000080048b8                memset
 *(.glue_7)
 .glue_7        0x00000000080048c8        0x0 linker stubs
 *(.glue_7t)
 .glue_7t       0x00000000080048c8        0x0 linker stubs
 *(.eh_frame)
 .eh_frame      0x00000000080048c8        0x0 c:/st/stm32cubeide_1.1.0/stm32cubeide/plugins/com.st.stm32cube.ide.mcu.externaltools.gnu-tools-for-stm32.7-2018-q2-update.win32_1.4.0.202007081208/tools/bin/../lib/gcc/arm-none-eabi/7.3.1/thumb/v7e-m/fpv4-sp/hard/crtbegin.o
 *(.init)
 .init          0x00000000080048c8        0x4 c:/st/stm32cubeide_1.1.0/stm32cubeide/plugins/com.st.stm32cube.ide.mcu.externaltools.gnu-tools-for-stm32.7-2018-q2-update.win32_1.4.0.202007081208/tools/bin/../lib/gcc/arm-none-eabi/7.3.1/thumb/v7e-m/fpv4-sp/hard/crti.o
                0x00000000080048c8                _init
 .init          0x00000000080048cc        0x8 c:/st/stm32cubeide_1.1.0/stm32cubeide/plugins/com.st.stm32cube.ide.mcu.externaltools.gnu-tools-for-stm32.7-2018-q2-update.win32_1.4.0.202007081208/tools/bin/../lib/gcc/arm-none-eabi/7.3.1/thumb/v7e-m/fpv4-sp/hard/crtn.o
 *(.fini)
 .fini          0x00000000080048d4        0x4 c:/st/stm32cubeide_1.1.0/stm32cubeide/plugins/com.st.stm32cube.ide.mcu.externaltools.gnu-tools-for-stm32.7-2018-q2-update.win32_1.4.0.202007081208/tools/bin/../lib/gcc/arm-none-eabi/7.3.1/thumb/v7e-m/fpv4-sp/hard/crti.o
                0x00000000080048d4                _fini
 .fini          0x00000000080048d8        0x8 c:/st/stm32cubeide_1.1.0/stm32cubeide/plugins/com.st.stm32cube.ide.mcu.externaltools.gnu-tools-for-stm32.7-2018-q2-update.win32_1.4.0.202007081208/tools/bin/../lib/gcc/arm-none-eabi/7.3.1/thumb/v7e-m/fpv4-sp/hard/crtn.o
                0x00000000080048e0                . = ALIGN (0x4)
                0x00000000080048e0                _etext = .

.vfp11_veneer   0x00000000080048e0        0x0
 .vfp11_veneer  0x00000000080048e0        0x0 linker stubs

.v4_bx          0x00000000080048e0        0x0
 .v4_bx         0x00000000080048e0        0x0 linker stubs

.iplt           0x00000000080048e0        0x0
 .iplt          0x00000000080048e0        0x0 c:/st/stm32cubeide_1.1.0/stm32cubeide/plugins/com.st.stm32cube.ide.mcu.externaltools.gnu-tools-for-stm32.7-2018-q2-update.win32_1.4.0.202007081208/tools/bin/../lib/gcc/arm-none-eabi/7.3.1/thumb/v7e-m/fpv4-sp/hard/crtbegin.o

.rodata         0x00000000080048e0       0x50
                0x00000000080048e0                . = ALIGN (0x4)
 *(.rodata)
 .rodata        0x00000000080048e0       0x28 Core/Src/freertos.o
 .rodata        0x0000000008004908        0x5 Middlewares/Third_Party/FreeRTOS/Source/tasks.o
 *(.rodata*)
 *fill*         0x000000000800490d        0x3 
 .rodata.AHBPrescTable
                0x0000000008004910       0x10 Core/Src/system_stm32f4xx.o
                0x0000000008004910                AHBPrescTable
 .rodata.APBPrescTable
                0x0000000008004920        0x8 Core/Src/system_stm32f4xx.o
                0x0000000008004920                APBPrescTable
 .rodata.flagBitshiftOffset.8251
                0x0000000008004928        0x8 Drivers/STM32F4xx_HAL_Driver/Src/stm32f4xx_hal_dma.o
                0x0000000008004930                . = ALIGN (0x4)

.ARM.extab      0x0000000008004930        0x0
                0x0000000008004930                . = ALIGN (0x4)
 *(.ARM.extab* .gnu.linkonce.armextab.*)
                0x0000000008004930                . = ALIGN (0x4)

.ARM            0x0000000008004930        0x8
                0x0000000008004930                . = ALIGN (0x4)
                0x0000000008004930                __exidx_start = .
 *(.ARM.exidx*)
 .ARM.exidx     0x0000000008004930        0x8 c:/st/stm32cubeide_1.1.0/stm32cubeide/plugins/com.st.stm32cube.ide.mcu.externaltools.gnu-tools-for-stm32.7-2018-q2-update.win32_1.4.0.202007081208/tools/bin/../lib/gcc/arm-none-eabi/7.3.1/thumb/v7e-m/fpv4-sp/hard\libgcc.a(_udivmoddi4.o)
                0x0000000008004938                __exidx_end = .
                0x0000000008004938                . = ALIGN (0x4)

.rel.dyn        0x0000000008004938        0x0
 .rel.iplt      0x0000000008004938        0x0 c:/st/stm32cubeide_1.1.0/stm32cubeide/plugins/com.st.stm32cube.ide.mcu.externaltools.gnu-tools-for-stm32.7-2018-q2-update.win32_1.4.0.202007081208/tools/bin/../lib/gcc/arm-none-eabi/7.3.1/thumb/v7e-m/fpv4-sp/hard/crtbegin.o

.preinit_array  0x0000000008004938        0x0
                0x0000000008004938                . = ALIGN (0x4)
                0x0000000008004938                PROVIDE (__preinit_array_start = .)
 *(.preinit_array*)
                0x0000000008004938                PROVIDE (__preinit_array_end = .)
                0x0000000008004938                . = ALIGN (0x4)

.init_array     0x0000000008004938        0x4
                0x0000000008004938                . = ALIGN (0x4)
                0x0000000008004938                PROVIDE (__init_array_start = .)
 *(SORT_BY_NAME(.init_array.*))
 *(.init_array*)
 .init_array    0x0000000008004938        0x4 c:/st/stm32cubeide_1.1.0/stm32cubeide/plugins/com.st.stm32cube.ide.mcu.externaltools.gnu-tools-for-stm32.7-2018-q2-update.win32_1.4.0.202007081208/tools/bin/../lib/gcc/arm-none-eabi/7.3.1/thumb/v7e-m/fpv4-sp/hard/crtbegin.o
                0x000000000800493c                PROVIDE (__init_array_end = .)
                0x000000000800493c                . = ALIGN (0x4)

.fini_array     0x000000000800493c        0x4
                0x000000000800493c                . = ALIGN (0x4)
                [!provide]                        PROVIDE (__fini_array_start = .)
 *(SORT_BY_NAME(.fini_array.*))
 *(.fini_array*)
 .fini_array    0x000000000800493c        0x4 c:/st/stm32cubeide_1.1.0/stm32cubeide/plugins/com.st.stm32cube.ide.mcu.externaltools.gnu-tools-for-stm32.7-2018-q2-update.win32_1.4.0.202007081208/tools/bin/../lib/gcc/arm-none-eabi/7.3.1/thumb/v7e-m/fpv4-sp/hard/crtbegin.o
                [!provide]                        PROVIDE (__fini_array_end = .)
                0x0000000008004940                . = ALIGN (0x4)
                0x0000000008004940                _sidata = LOADADDR (.data)

.data           0x0000000020000000       0x14 load address 0x0000000008004940
                0x0000000020000000                . = ALIGN (0x4)
                0x0000000020000000                _sdata = .
 *(.data)
 *(.data*)
 .data.Block_Width
                0x0000000020000000        0x2 Core/Src/ili9341.o
 .data.Block_Height
                0x0000000020000002        0x2 Core/Src/ili9341.o
 .data.SystemCoreClock
                0x0000000020000004        0x4 Core/Src/system_stm32f4xx.o
                0x0000000020000004                SystemCoreClock
 .data.uwTickPrio
                0x0000000020000008        0x4 Drivers/STM32F4xx_HAL_Driver/Src/stm32f4xx_hal.o
                0x0000000020000008                uwTickPrio
 .data.uwTickFreq
                0x000000002000000c        0x1 Drivers/STM32F4xx_HAL_Driver/Src/stm32f4xx_hal.o
                0x000000002000000c                uwTickFreq
 *fill*         0x000000002000000d        0x3 
 .data.uxCriticalNesting
                0x0000000020000010        0x4 Middlewares/Third_Party/FreeRTOS/Source/portable/GCC/ARM_CM4F/port.o
                0x0000000020000014                . = ALIGN (0x4)
                0x0000000020000014                _edata = .

.igot.plt       0x0000000020000014        0x0 load address 0x0000000008004954
 .igot.plt      0x0000000020000014        0x0 c:/st/stm32cubeide_1.1.0/stm32cubeide/plugins/com.st.stm32cube.ide.mcu.externaltools.gnu-tools-for-stm32.7-2018-q2-update.win32_1.4.0.202007081208/tools/bin/../lib/gcc/arm-none-eabi/7.3.1/thumb/v7e-m/fpv4-sp/hard/crtbegin.o
                0x0000000020000014                . = ALIGN (0x4)

.bss            0x0000000020000020    0x298dc load address 0x0000000008004954
                0x0000000020000020                _sbss = .
                0x0000000020000020                __bss_start__ = _sbss
 *(.bss)
 .bss           0x0000000020000020       0x1c c:/st/stm32cubeide_1.1.0/stm32cubeide/plugins/com.st.stm32cube.ide.mcu.externaltools.gnu-tools-for-stm32.7-2018-q2-update.win32_1.4.0.202007081208/tools/bin/../lib/gcc/arm-none-eabi/7.3.1/thumb/v7e-m/fpv4-sp/hard/crtbegin.o
 *(.bss*)
 .bss.xIdleTaskTCBBuffer
                0x000000002000003c       0x54 Core/Src/freertos.o
 .bss.xIdleStack
                0x0000000020000090      0x200 Core/Src/freertos.o
 .bss.DMA_SizeRemaining
                0x0000000020000290        0x4 Core/Src/ili9341.o
 .bss.DMA_BufRemaining
                0x0000000020000294        0x4 Core/Src/ili9341.o
 *fill*         0x0000000020000298        0x8 
 .bss.DMA_BufFill
                0x00000000200002a0        0x2 Core/Src/ili9341.o
 .bss.DMA_Busy  0x00000000200002a2        0x1 Core/Src/ili9341.o
 *fill*         0x00000000200002a3        0x1 
 .bss.pxCurrentTCB
                0x00000000200002a4        0x4 Middlewares/Third_Party/FreeRTOS/Source/tasks.o
                0x00000000200002a4                pxCurrentTCB
 .bss.pxReadyTasksLists
                0x00000000200002a8       0x8c Middlewares/Third_Party/FreeRTOS/Source/tasks.o
 .bss.xDelayedTaskList1
                0x0000000020000334       0x14 Middlewares/Third_Party/FreeRTOS/Source/tasks.o
 .bss.xDelayedTaskList2
                0x0000000020000348       0x14 Middlewares/Third_Party/FreeRTOS/Source/tasks.o
 .bss.pxDelayedTaskList
                0x000000002000035c        0x4 Middlewares/Third_Party/FreeRTOS/Source/tasks.o
 .bss.pxOverflowDelayedTaskList
                0x0000000020000360        0x4 Middlewares/Third_Party/FreeRTOS/Source/tasks.o
 .bss.xPendingReadyList
                0x0000000020000364       0x14 Middlewares/Third_Party/FreeRTOS/Source/tasks.o
 .bss.xTasksWaitingTermination
                0x0000000020000378       0x14 Middlewares/Third_Party/FreeRTOS/Source/tasks.o
 .bss.uxDeletedTasksWaitingCleanUp
                0x000000002000038c        0x4 Middlewares/Third_Party/FreeRTOS/Source/tasks.o
 .bss.xSuspendedTaskList
                0x0000000020000390       0x14 Middlewares/Third_Party/FreeRTOS/Source/tasks.o
 .bss.uxCurrentNumberOfTasks
                0x00000000200003a4        0x4 Middlewares/Third_Party/FreeRTOS/Source/tasks.o
 .bss.xTickCount
                0x00000000200003a8        0x4 Middlewares/Third_Party/FreeRTOS/Source/tasks.o
 .bss.uxTopReadyPriority
                0x00000000200003ac        0x4 Middlewares/Third_Party/FreeRTOS/Source/tasks.o
 .bss.xSchedulerRunning
                0x00000000200003b0        0x4 Middlewares/Third_Party/FreeRTOS/Source/tasks.o
 .bss.uxPendedTicks
                0x00000000200003b4        0x4 Middlewares/Third_Party/FreeRTOS/Source/tasks.o
 .bss.xYieldPending
                0x00000000200003b8        0x4 Middlewares/Third_Party/FreeRTOS/Source/tasks.o
 .bss.xNumOfOverflows
                0x00000000200003bc        0x4 Middlewares/Third_Party/FreeRTOS/Source/tasks.o
 .bss.uxTaskNumber
                0x00000000200003c0        0x4 Middlewares/Third_Party/FreeRTOS/Source/tasks.o
 .bss.xNextTaskUnblockTime
                0x00000000200003c4        0x4 Middlewares/Third_Party/FreeRTOS/Source/tasks.o
 .bss.xIdleTaskHandle
                0x00000000200003c8        0x4 Middlewares/Third_Party/FreeRTOS/Source/tasks.o
 .bss.uxSchedulerSuspended
                0x00000000200003cc        0x4 Middlewares/Third_Party/FreeRTOS/Source/tasks.o
 .bss.ucMaxSysCallPriority
                0x00000000200003d0        0x1 Middlewares/Third_Party/FreeRTOS/Source/portable/GCC/ARM_CM4F/port.o
 *fill*         0x00000000200003d1        0x3 
 .bss.ulMaxPRIGROUPValue
                0x00000000200003d4        0x4 Middlewares/Third_Party/FreeRTOS/Source/portable/GCC/ARM_CM4F/port.o
 .bss.ucHeap    0x00000000200003d8     0x3c00 Middlewares/Third_Party/FreeRTOS/Source/portable/MemMang/heap_4.o
 .bss.xStart    0x0000000020003fd8        0x8 Middlewares/Third_Party/FreeRTOS/Source/portable/MemMang/heap_4.o
 .bss.pxEnd     0x0000000020003fe0        0x4 Middlewares/Third_Party/FreeRTOS/Source/portable/MemMang/heap_4.o
 .bss.xFreeBytesRemaining
                0x0000000020003fe4        0x4 Middlewares/Third_Party/FreeRTOS/Source/portable/MemMang/heap_4.o
 .bss.xMinimumEverFreeBytesRemaining
                0x0000000020003fe8        0x4 Middlewares/Third_Party/FreeRTOS/Source/portable/MemMang/heap_4.o
 .bss.xBlockAllocatedBit
                0x0000000020003fec        0x4 Middlewares/Third_Party/FreeRTOS/Source/portable/MemMang/heap_4.o
 *(COMMON)
 COMMON         0x0000000020003ff0        0x4 Core/Src/freertos.o
                0x0000000020003ff0                defaultTaskHandle
 *fill*         0x0000000020003ff4        0xc 
 COMMON         0x0000000020004000    0x25800 Core/Src/main.o
                0x0000000020004000                display_buf
 COMMON         0x0000000020029800       0xb8 Core/Src/spi.o
                0x0000000020029800                hspi1
                0x0000000020029858                hdma_spi1_tx
 COMMON         0x00000000200298b8       0x40 Core/Src/stm32f4xx_hal_timebase_tim.o
                0x00000000200298b8                htim6
 COMMON         0x00000000200298f8        0x4 Drivers/STM32F4xx_HAL_Driver/Src/stm32f4xx_hal.o
                0x00000000200298f8                uwTick
                0x00000000200298fc                . = ALIGN (0x4)
                0x00000000200298fc                _ebss = .
                0x00000000200298fc                __bss_end__ = _ebss

._user_heap_stack
                0x00000000200298fc      0x604 load address 0x0000000008004954
                0x0000000020029900                . = ALIGN (0x8)
 *fill*         0x00000000200298fc        0x4 
                [!provide]                        PROVIDE (end = .)
                0x0000000020029900                PROVIDE (_end = .)
                0x0000000020029b00                . = (. + _Min_Heap_Size)
 *fill*         0x0000000020029900      0x200 
                0x0000000020029f00                . = (. + _Min_Stack_Size)
 *fill*         0x0000000020029b00      0x400 
                0x0000000020029f00                . = ALIGN (0x8)

/DISCARD/
 libc.a(*)
 libm.a(*)
 libgcc.a(*)

.ARM.attributes
                0x0000000000000000       0x30
 *(.ARM.attributes)
 .ARM.attributes
                0x0000000000000000       0x22 c:/st/stm32cubeide_1.1.0/stm32cubeide/plugins/com.st.stm32cube.ide.mcu.externaltools.gnu-tools-for-stm32.7-2018-q2-update.win32_1.4.0.202007081208/tools/bin/../lib/gcc/arm-none-eabi/7.3.1/thumb/v7e-m/fpv4-sp/hard/crti.o
 .ARM.attributes
                0x0000000000000022       0x34 c:/st/stm32cubeide_1.1.0/stm32cubeide/plugins/com.st.stm32cube.ide.mcu.externaltools.gnu-tools-for-stm32.7-2018-q2-update.win32_1.4.0.202007081208/tools/bin/../lib/gcc/arm-none-eabi/7.3.1/thumb/v7e-m/fpv4-sp/hard/crtbegin.o
 .ARM.attributes
                0x0000000000000056       0x39 Core/Src/dma.o
 .ARM.attributes
                0x000000000000008f       0x39 Core/Src/freertos.o
 .ARM.attributes
                0x00000000000000c8       0x39 Core/Src/gpio.o
 .ARM.attributes
                0x0000000000000101       0x39 Core/Src/ili9341.o
 .ARM.attributes
                0x000000000000013a       0x39 Core/Src/main.o
 .ARM.attributes
                0x0000000000000173       0x39 Core/Src/spi.o
 .ARM.attributes
                0x00000000000001ac       0x39 Core/Src/stm32f4xx_hal_msp.o
 .ARM.attributes
                0x00000000000001e5       0x39 Core/Src/stm32f4xx_hal_timebase_tim.o
 .ARM.attributes
                0x000000000000021e       0x39 Core/Src/stm32f4xx_it.o
 .ARM.attributes
                0x0000000000000257       0x39 Core/Src/system_stm32f4xx.o
 .ARM.attributes
                0x0000000000000290       0x21 Core/Startup/startup_stm32f429ietx.o
 .ARM.attributes
                0x00000000000002b1       0x39 Drivers/STM32F4xx_HAL_Driver/Src/stm32f4xx_hal.o
 .ARM.attributes
                0x00000000000002ea       0x39 Drivers/STM32F4xx_HAL_Driver/Src/stm32f4xx_hal_cortex.o
 .ARM.attributes
                0x0000000000000323       0x39 Drivers/STM32F4xx_HAL_Driver/Src/stm32f4xx_hal_dma.o
 .ARM.attributes
                0x000000000000035c       0x39 Drivers/STM32F4xx_HAL_Driver/Src/stm32f4xx_hal_gpio.o
 .ARM.attributes
                0x0000000000000395       0x39 Drivers/STM32F4xx_HAL_Driver/Src/stm32f4xx_hal_pwr_ex.o
 .ARM.attributes
                0x00000000000003ce       0x39 Drivers/STM32F4xx_HAL_Driver/Src/stm32f4xx_hal_rcc.o
 .ARM.attributes
                0x0000000000000407       0x39 Drivers/STM32F4xx_HAL_Driver/Src/stm32f4xx_hal_spi.o
 .ARM.attributes
                0x0000000000000440       0x39 Drivers/STM32F4xx_HAL_Driver/Src/stm32f4xx_hal_tim.o
 .ARM.attributes
                0x0000000000000479       0x39 Drivers/STM32F4xx_HAL_Driver/Src/stm32f4xx_hal_tim_ex.o
 .ARM.attributes
                0x00000000000004b2       0x39 Middlewares/Third_Party/FreeRTOS/Source/CMSIS_RTOS/cmsis_os.o
 .ARM.attributes
                0x00000000000004eb       0x39 Middlewares/Third_Party/FreeRTOS/Source/list.o
 .ARM.attributes
                0x0000000000000524       0x39 Middlewares/Third_Party/FreeRTOS/Source/tasks.o
 .ARM.attributes
                0x000000000000055d       0x39 Middlewares/Third_Party/FreeRTOS/Source/portable/GCC/ARM_CM4F/port.o
 .ARM.attributes
                0x0000000000000596       0x39 Middlewares/Third_Party/FreeRTOS/Source/portable/MemMang/heap_4.o
 .ARM.attributes
                0x00000000000005cf       0x34 c:/st/stm32cubeide_1.1.0/stm32cubeide/plugins/com.st.stm32cube.ide.mcu.externaltools.gnu-tools-for-stm32.7-2018-q2-update.win32_1.4.0.202007081208/tools/bin/../lib/gcc/arm-none-eabi/7.3.1/../../../../arm-none-eabi/lib/thumb/v7e-m/fpv4-sp/hard\libc_nano.a(lib_a-init.o)
 .ARM.attributes
                0x0000000000000603       0x34 c:/st/stm32cubeide_1.1.0/stm32cubeide/plugins/com.st.stm32cube.ide.mcu.externaltools.gnu-tools-for-stm32.7-2018-q2-update.win32_1.4.0.202007081208/tools/bin/../lib/gcc/arm-none-eabi/7.3.1/../../../../arm-none-eabi/lib/thumb/v7e-m/fpv4-sp/hard\libc_nano.a(lib_a-memset.o)
 .ARM.attributes
                0x0000000000000637       0x22 c:/st/stm32cubeide_1.1.0/stm32cubeide/plugins/com.st.stm32cube.ide.mcu.externaltools.gnu-tools-for-stm32.7-2018-q2-update.win32_1.4.0.202007081208/tools/bin/../lib/gcc/arm-none-eabi/7.3.1/thumb/v7e-m/fpv4-sp/hard\libgcc.a(_aeabi_uldivmod.o)
 .ARM.attributes
                0x0000000000000659       0x34 c:/st/stm32cubeide_1.1.0/stm32cubeide/plugins/com.st.stm32cube.ide.mcu.externaltools.gnu-tools-for-stm32.7-2018-q2-update.win32_1.4.0.202007081208/tools/bin/../lib/gcc/arm-none-eabi/7.3.1/thumb/v7e-m/fpv4-sp/hard\libgcc.a(_udivmoddi4.o)
 .ARM.attributes
                0x000000000000068d       0x22 c:/st/stm32cubeide_1.1.0/stm32cubeide/plugins/com.st.stm32cube.ide.mcu.externaltools.gnu-tools-for-stm32.7-2018-q2-update.win32_1.4.0.202007081208/tools/bin/../lib/gcc/arm-none-eabi/7.3.1/thumb/v7e-m/fpv4-sp/hard\libgcc.a(_dvmd_tls.o)
 .ARM.attributes
                0x00000000000006af       0x22 c:/st/stm32cubeide_1.1.0/stm32cubeide/plugins/com.st.stm32cube.ide.mcu.externaltools.gnu-tools-for-stm32.7-2018-q2-update.win32_1.4.0.202007081208/tools/bin/../lib/gcc/arm-none-eabi/7.3.1/thumb/v7e-m/fpv4-sp/hard/crtn.o
OUTPUT(ili9341_dma_v2.elf elf32-littlearm)

.debug_info     0x0000000000000000    0x130ce
 .debug_info    0x0000000000000000      0x5ba Core/Src/dma.o
 .debug_info    0x00000000000005ba      0x4bc Core/Src/freertos.o
 .debug_info    0x0000000000000a76      0x4c6 Core/Src/gpio.o
 .debug_info    0x0000000000000f3c      0xa5f Core/Src/ili9341.o
 .debug_info    0x000000000000199b      0xd0d Core/Src/main.o
 .debug_info    0x00000000000026a8      0x9e2 Core/Src/spi.o
 .debug_info    0x000000000000308a      0x37c Core/Src/stm32f4xx_hal_msp.o
 .debug_info    0x0000000000003406      0xb7d Core/Src/stm32f4xx_hal_timebase_tim.o
 .debug_info    0x0000000000003f83      0x6d4 Core/Src/stm32f4xx_it.o
 .debug_info    0x0000000000004657      0x56e Core/Src/system_stm32f4xx.o
 .debug_info    0x0000000000004bc5       0x22 Core/Startup/startup_stm32f429ietx.o
 .debug_info    0x0000000000004be7      0x9b9 Drivers/STM32F4xx_HAL_Driver/Src/stm32f4xx_hal.o
 .debug_info    0x00000000000055a0      0xe5e Drivers/STM32F4xx_HAL_Driver/Src/stm32f4xx_hal_cortex.o
 .debug_info    0x00000000000063fe      0x968 Drivers/STM32F4xx_HAL_Driver/Src/stm32f4xx_hal_dma.o
 .debug_info    0x0000000000006d66      0x7cf Drivers/STM32F4xx_HAL_Driver/Src/stm32f4xx_hal_gpio.o
 .debug_info    0x0000000000007535      0x747 Drivers/STM32F4xx_HAL_Driver/Src/stm32f4xx_hal_pwr_ex.o
 .debug_info    0x0000000000007c7c      0x91e Drivers/STM32F4xx_HAL_Driver/Src/stm32f4xx_hal_rcc.o
 .debug_info    0x000000000000859a     0x163a Drivers/STM32F4xx_HAL_Driver/Src/stm32f4xx_hal_spi.o
 .debug_info    0x0000000000009bd4     0x24a9 Drivers/STM32F4xx_HAL_Driver/Src/stm32f4xx_hal_tim.o
 .debug_info    0x000000000000c07d     0x1157 Drivers/STM32F4xx_HAL_Driver/Src/stm32f4xx_hal_tim_ex.o
 .debug_info    0x000000000000d1d4     0x1e7e Middlewares/Third_Party/FreeRTOS/Source/CMSIS_RTOS/cmsis_os.o
 .debug_info    0x000000000000f052      0xacb Middlewares/Third_Party/FreeRTOS/Source/list.o
 .debug_info    0x000000000000fb1d     0x2494 Middlewares/Third_Party/FreeRTOS/Source/tasks.o
 .debug_info    0x0000000000011fb1      0x533 Middlewares/Third_Party/FreeRTOS/Source/portable/GCC/ARM_CM4F/port.o
 .debug_info    0x00000000000124e4      0xbea Middlewares/Third_Party/FreeRTOS/Source/portable/MemMang/heap_4.o

.debug_abbrev   0x0000000000000000     0x2f4a
 .debug_abbrev  0x0000000000000000      0x107 Core/Src/dma.o
 .debug_abbrev  0x0000000000000107      0x15b Core/Src/freertos.o
 .debug_abbrev  0x0000000000000262      0x134 Core/Src/gpio.o
 .debug_abbrev  0x0000000000000396      0x27c Core/Src/ili9341.o
 .debug_abbrev  0x0000000000000612      0x1e5 Core/Src/main.o
 .debug_abbrev  0x00000000000007f7      0x1aa Core/Src/spi.o
 .debug_abbrev  0x00000000000009a1      0x109 Core/Src/stm32f4xx_hal_msp.o
 .debug_abbrev  0x0000000000000aaa      0x19d Core/Src/stm32f4xx_hal_timebase_tim.o
 .debug_abbrev  0x0000000000000c47      0x15a Core/Src/stm32f4xx_it.o
 .debug_abbrev  0x0000000000000da1      0x12b Core/Src/system_stm32f4xx.o
 .debug_abbrev  0x0000000000000ecc       0x12 Core/Startup/startup_stm32f429ietx.o
 .debug_abbrev  0x0000000000000ede      0x1c7 Drivers/STM32F4xx_HAL_Driver/Src/stm32f4xx_hal.o
 .debug_abbrev  0x00000000000010a5      0x2fa Drivers/STM32F4xx_HAL_Driver/Src/stm32f4xx_hal_cortex.o
 .debug_abbrev  0x000000000000139f      0x229 Drivers/STM32F4xx_HAL_Driver/Src/stm32f4xx_hal_dma.o
 .debug_abbrev  0x00000000000015c8      0x1c9 Drivers/STM32F4xx_HAL_Driver/Src/stm32f4xx_hal_gpio.o
 .debug_abbrev  0x0000000000001791      0x1b8 Drivers/STM32F4xx_HAL_Driver/Src/stm32f4xx_hal_pwr_ex.o
 .debug_abbrev  0x0000000000001949      0x245 Drivers/STM32F4xx_HAL_Driver/Src/stm32f4xx_hal_rcc.o
 .debug_abbrev  0x0000000000001b8e      0x240 Drivers/STM32F4xx_HAL_Driver/Src/stm32f4xx_hal_spi.o
 .debug_abbrev  0x0000000000001dce      0x230 Drivers/STM32F4xx_HAL_Driver/Src/stm32f4xx_hal_tim.o
 .debug_abbrev  0x0000000000001ffe      0x21e Drivers/STM32F4xx_HAL_Driver/Src/stm32f4xx_hal_tim_ex.o
 .debug_abbrev  0x000000000000221c      0x379 Middlewares/Third_Party/FreeRTOS/Source/CMSIS_RTOS/cmsis_os.o
 .debug_abbrev  0x0000000000002595      0x1cf Middlewares/Third_Party/FreeRTOS/Source/list.o
 .debug_abbrev  0x0000000000002764      0x338 Middlewares/Third_Party/FreeRTOS/Source/tasks.o
 .debug_abbrev  0x0000000000002a9c      0x210 Middlewares/Third_Party/FreeRTOS/Source/portable/GCC/ARM_CM4F/port.o
 .debug_abbrev  0x0000000000002cac      0x29e Middlewares/Third_Party/FreeRTOS/Source/portable/MemMang/heap_4.o

.debug_aranges  0x0000000000000000     0x11a8
 .debug_aranges
                0x0000000000000000       0x20 Core/Src/dma.o
 .debug_aranges
                0x0000000000000020       0x30 Core/Src/freertos.o
 .debug_aranges
                0x0000000000000050       0x20 Core/Src/gpio.o
 .debug_aranges
                0x0000000000000070       0x90 Core/Src/ili9341.o
 .debug_aranges
                0x0000000000000100       0x40 Core/Src/main.o
 .debug_aranges
                0x0000000000000140       0x30 Core/Src/spi.o
 .debug_aranges
                0x0000000000000170       0x20 Core/Src/stm32f4xx_hal_msp.o
 .debug_aranges
                0x0000000000000190       0x30 Core/Src/stm32f4xx_hal_timebase_tim.o
 .debug_aranges
                0x00000000000001c0       0x58 Core/Src/stm32f4xx_it.o
 .debug_aranges
                0x0000000000000218       0x28 Core/Src/system_stm32f4xx.o
 .debug_aranges
                0x0000000000000240       0x28 Core/Startup/startup_stm32f429ietx.o
 .debug_aranges
                0x0000000000000268      0x100 Drivers/STM32F4xx_HAL_Driver/Src/stm32f4xx_hal.o
 .debug_aranges
                0x0000000000000368      0x118 Drivers/STM32F4xx_HAL_Driver/Src/stm32f4xx_hal_cortex.o
 .debug_aranges
                0x0000000000000480       0x90 Drivers/STM32F4xx_HAL_Driver/Src/stm32f4xx_hal_dma.o
 .debug_aranges
                0x0000000000000510       0x58 Drivers/STM32F4xx_HAL_Driver/Src/stm32f4xx_hal_gpio.o
 .debug_aranges
                0x0000000000000568       0x60 Drivers/STM32F4xx_HAL_Driver/Src/stm32f4xx_hal_pwr_ex.o
 .debug_aranges
                0x00000000000005c8       0x88 Drivers/STM32F4xx_HAL_Driver/Src/stm32f4xx_hal_rcc.o
 .debug_aranges
                0x0000000000000650      0x1d0 Drivers/STM32F4xx_HAL_Driver/Src/stm32f4xx_hal_spi.o
 .debug_aranges
                0x0000000000000820      0x3a8 Drivers/STM32F4xx_HAL_Driver/Src/stm32f4xx_hal_tim.o
 .debug_aranges
                0x0000000000000bc8      0x150 Drivers/STM32F4xx_HAL_Driver/Src/stm32f4xx_hal_tim_ex.o
 .debug_aranges
                0x0000000000000d18      0x1d8 Middlewares/Third_Party/FreeRTOS/Source/CMSIS_RTOS/cmsis_os.o
 .debug_aranges
                0x0000000000000ef0       0x40 Middlewares/Third_Party/FreeRTOS/Source/list.o
 .debug_aranges
                0x0000000000000f30      0x1a8 Middlewares/Third_Party/FreeRTOS/Source/tasks.o
 .debug_aranges
                0x00000000000010d8       0x80 Middlewares/Third_Party/FreeRTOS/Source/portable/GCC/ARM_CM4F/port.o
 .debug_aranges
                0x0000000000001158       0x50 Middlewares/Third_Party/FreeRTOS/Source/portable/MemMang/heap_4.o

.debug_ranges   0x0000000000000000     0x1020
 .debug_ranges  0x0000000000000000       0x10 Core/Src/dma.o
 .debug_ranges  0x0000000000000010       0x20 Core/Src/freertos.o
 .debug_ranges  0x0000000000000030       0x10 Core/Src/gpio.o
 .debug_ranges  0x0000000000000040       0x80 Core/Src/ili9341.o
 .debug_ranges  0x00000000000000c0       0x30 Core/Src/main.o
 .debug_ranges  0x00000000000000f0       0x20 Core/Src/spi.o
 .debug_ranges  0x0000000000000110       0x10 Core/Src/stm32f4xx_hal_msp.o
 .debug_ranges  0x0000000000000120       0x20 Core/Src/stm32f4xx_hal_timebase_tim.o
 .debug_ranges  0x0000000000000140       0x48 Core/Src/stm32f4xx_it.o
 .debug_ranges  0x0000000000000188       0x18 Core/Src/system_stm32f4xx.o
 .debug_ranges  0x00000000000001a0       0x20 Core/Startup/startup_stm32f429ietx.o
 .debug_ranges  0x00000000000001c0       0xf0 Drivers/STM32F4xx_HAL_Driver/Src/stm32f4xx_hal.o
 .debug_ranges  0x00000000000002b0      0x108 Drivers/STM32F4xx_HAL_Driver/Src/stm32f4xx_hal_cortex.o
 .debug_ranges  0x00000000000003b8       0x80 Drivers/STM32F4xx_HAL_Driver/Src/stm32f4xx_hal_dma.o
 .debug_ranges  0x0000000000000438       0x48 Drivers/STM32F4xx_HAL_Driver/Src/stm32f4xx_hal_gpio.o
 .debug_ranges  0x0000000000000480       0x50 Drivers/STM32F4xx_HAL_Driver/Src/stm32f4xx_hal_pwr_ex.o
 .debug_ranges  0x00000000000004d0       0x78 Drivers/STM32F4xx_HAL_Driver/Src/stm32f4xx_hal_rcc.o
 .debug_ranges  0x0000000000000548      0x1c0 Drivers/STM32F4xx_HAL_Driver/Src/stm32f4xx_hal_spi.o
 .debug_ranges  0x0000000000000708      0x398 Drivers/STM32F4xx_HAL_Driver/Src/stm32f4xx_hal_tim.o
 .debug_ranges  0x0000000000000aa0      0x140 Drivers/STM32F4xx_HAL_Driver/Src/stm32f4xx_hal_tim_ex.o
 .debug_ranges  0x0000000000000be0      0x1c8 Middlewares/Third_Party/FreeRTOS/Source/CMSIS_RTOS/cmsis_os.o
 .debug_ranges  0x0000000000000da8       0x30 Middlewares/Third_Party/FreeRTOS/Source/list.o
 .debug_ranges  0x0000000000000dd8      0x198 Middlewares/Third_Party/FreeRTOS/Source/tasks.o
 .debug_ranges  0x0000000000000f70       0x70 Middlewares/Third_Party/FreeRTOS/Source/portable/GCC/ARM_CM4F/port.o
 .debug_ranges  0x0000000000000fe0       0x40 Middlewares/Third_Party/FreeRTOS/Source/portable/MemMang/heap_4.o

.debug_macro    0x0000000000000000    0x24e1c
 .debug_macro   0x0000000000000000      0x1e7 Core/Src/dma.o
 .debug_macro   0x00000000000001e7      0xa5a Core/Src/dma.o
 .debug_macro   0x0000000000000c41      0x294 Core/Src/dma.o
 .debug_macro   0x0000000000000ed5       0x2e Core/Src/dma.o
 .debug_macro   0x0000000000000f03       0x28 Core/Src/dma.o
 .debug_macro   0x0000000000000f2b       0x22 Core/Src/dma.o
 .debug_macro   0x0000000000000f4d       0x8e Core/Src/dma.o
 .debug_macro   0x0000000000000fdb       0x51 Core/Src/dma.o
 .debug_macro   0x000000000000102c       0xef Core/Src/dma.o
 .debug_macro   0x000000000000111b       0x6a Core/Src/dma.o
 .debug_macro   0x0000000000001185      0x1df Core/Src/dma.o
 .debug_macro   0x0000000000001364       0x1c Core/Src/dma.o
 .debug_macro   0x0000000000001380       0x22 Core/Src/dma.o
 .debug_macro   0x00000000000013a2       0xdf Core/Src/dma.o
 .debug_macro   0x0000000000001481     0x102d Core/Src/dma.o
 .debug_macro   0x00000000000024ae      0x11f Core/Src/dma.o
 .debug_macro   0x00000000000025cd    0x17f69 Core/Src/dma.o
 .debug_macro   0x000000000001a536       0x43 Core/Src/dma.o
 .debug_macro   0x000000000001a579     0x36c9 Core/Src/dma.o
 .debug_macro   0x000000000001dc42      0x174 Core/Src/dma.o
 .debug_macro   0x000000000001ddb6       0x5a Core/Src/dma.o
 .debug_macro   0x000000000001de10      0xca5 Core/Src/dma.o
 .debug_macro   0x000000000001eab5      0x9fe Core/Src/dma.o
 .debug_macro   0x000000000001f4b3      0x117 Core/Src/dma.o
 .debug_macro   0x000000000001f5ca      0x157 Core/Src/dma.o
 .debug_macro   0x000000000001f721       0x27 Core/Src/dma.o
 .debug_macro   0x000000000001f748      0x182 Core/Src/dma.o
 .debug_macro   0x000000000001f8ca      0x287 Core/Src/dma.o
 .debug_macro   0x000000000001fb51       0x5f Core/Src/dma.o
 .debug_macro   0x000000000001fbb0      0x236 Core/Src/dma.o
 .debug_macro   0x000000000001fde6      0x132 Core/Src/dma.o
 .debug_macro   0x000000000001ff18      0x41d Core/Src/dma.o
 .debug_macro   0x0000000000020335       0x2e Core/Src/dma.o
 .debug_macro   0x0000000000020363      0x11a Core/Src/dma.o
 .debug_macro   0x000000000002047d       0xe2 Core/Src/dma.o
 .debug_macro   0x000000000002055f       0x89 Core/Src/dma.o
 .debug_macro   0x00000000000205e8      0x225 Core/Src/dma.o
 .debug_macro   0x000000000002080d      0x8a0 Core/Src/dma.o
 .debug_macro   0x00000000000210ad       0x47 Core/Src/dma.o
 .debug_macro   0x00000000000210f4      0x134 Core/Src/dma.o
 .debug_macro   0x0000000000021228       0x28 Core/Src/dma.o
 .debug_macro   0x0000000000021250      0x290 Core/Src/freertos.o
 .debug_macro   0x00000000000214e0       0xea Core/Src/freertos.o
 .debug_macro   0x00000000000215ca      0x15a Core/Src/freertos.o
 .debug_macro   0x0000000000021724       0xde Core/Src/freertos.o
 .debug_macro   0x0000000000021802       0x1c Core/Src/freertos.o
 .debug_macro   0x000000000002181e       0x26 Core/Src/freertos.o
 .debug_macro   0x0000000000021844      0x4e8 Core/Src/freertos.o
 .debug_macro   0x0000000000021d2c       0xb5 Core/Src/freertos.o
 .debug_macro   0x0000000000021de1       0xaa Core/Src/freertos.o
 .debug_macro   0x0000000000021e8b       0x91 Core/Src/freertos.o
 .debug_macro   0x0000000000021f1c       0x8d Core/Src/freertos.o
 .debug_macro   0x0000000000021fa9       0x7e Core/Src/freertos.o
 .debug_macro   0x0000000000022027       0x19 Core/Src/freertos.o
 .debug_macro   0x0000000000022040       0xf2 Core/Src/freertos.o
 .debug_macro   0x0000000000022132      0x1e7 Core/Src/gpio.o
 .debug_macro   0x0000000000022319      0x1f6 Core/Src/ili9341.o
 .debug_macro   0x000000000002250f       0xd6 Core/Src/ili9341.o
 .debug_macro   0x00000000000225e5      0x2c5 Core/Src/main.o
 .debug_macro   0x00000000000228aa       0xea Core/Src/main.o
 .debug_macro   0x0000000000022994      0x1e7 Core/Src/spi.o
 .debug_macro   0x0000000000022b7b      0x1dd Core/Src/stm32f4xx_hal_msp.o
 .debug_macro   0x0000000000022d58      0x1ce Core/Src/stm32f4xx_hal_timebase_tim.o
 .debug_macro   0x0000000000022f26      0x1e7 Core/Src/stm32f4xx_it.o
 .debug_macro   0x000000000002310d      0x1d4 Core/Src/system_stm32f4xx.o
 .debug_macro   0x00000000000232e1      0x22e Drivers/STM32F4xx_HAL_Driver/Src/stm32f4xx_hal.o
 .debug_macro   0x000000000002350f      0x1ce Drivers/STM32F4xx_HAL_Driver/Src/stm32f4xx_hal_cortex.o
 .debug_macro   0x00000000000236dd      0x1d4 Drivers/STM32F4xx_HAL_Driver/Src/stm32f4xx_hal_dma.o
 .debug_macro   0x00000000000238b1      0x204 Drivers/STM32F4xx_HAL_Driver/Src/stm32f4xx_hal_gpio.o
 .debug_macro   0x0000000000023ab5      0x1e6 Drivers/STM32F4xx_HAL_Driver/Src/stm32f4xx_hal_pwr_ex.o
 .debug_macro   0x0000000000023c9b      0x1f2 Drivers/STM32F4xx_HAL_Driver/Src/stm32f4xx_hal_rcc.o
 .debug_macro   0x0000000000023e8d      0x1dd Drivers/STM32F4xx_HAL_Driver/Src/stm32f4xx_hal_spi.o
 .debug_macro   0x000000000002406a      0x1cf Drivers/STM32F4xx_HAL_Driver/Src/stm32f4xx_hal_tim.o
 .debug_macro   0x0000000000024239      0x1ce Drivers/STM32F4xx_HAL_Driver/Src/stm32f4xx_hal_tim_ex.o
 .debug_macro   0x0000000000024407      0x1f1 Middlewares/Third_Party/FreeRTOS/Source/CMSIS_RTOS/cmsis_os.o
 .debug_macro   0x00000000000245f8       0x10 Middlewares/Third_Party/FreeRTOS/Source/CMSIS_RTOS/cmsis_os.o
 .debug_macro   0x0000000000024608       0x20 Middlewares/Third_Party/FreeRTOS/Source/CMSIS_RTOS/cmsis_os.o
 .debug_macro   0x0000000000024628       0xc7 Middlewares/Third_Party/FreeRTOS/Source/CMSIS_RTOS/cmsis_os.o
 .debug_macro   0x00000000000246ef      0x17a Middlewares/Third_Party/FreeRTOS/Source/list.o
 .debug_macro   0x0000000000024869      0x26c Middlewares/Third_Party/FreeRTOS/Source/tasks.o
 .debug_macro   0x0000000000024ad5       0x10 Middlewares/Third_Party/FreeRTOS/Source/tasks.o
 .debug_macro   0x0000000000024ae5      0x196 Middlewares/Third_Party/FreeRTOS/Source/portable/GCC/ARM_CM4F/port.o
 .debug_macro   0x0000000000024c7b      0x1a1 Middlewares/Third_Party/FreeRTOS/Source/portable/MemMang/heap_4.o

.debug_line     0x0000000000000000     0xe992
 .debug_line    0x0000000000000000      0x6bb Core/Src/dma.o
 .debug_line    0x00000000000006bb      0x85e Core/Src/freertos.o
 .debug_line    0x0000000000000f19      0x6d0 Core/Src/gpio.o
 .debug_line    0x00000000000015e9      0x869 Core/Src/ili9341.o
 .debug_line    0x0000000000001e52      0x8e3 Core/Src/main.o
 .debug_line    0x0000000000002735      0x702 Core/Src/spi.o
 .debug_line    0x0000000000002e37      0x6c0 Core/Src/stm32f4xx_hal_msp.o
 .debug_line    0x00000000000034f7      0x6f4 Core/Src/stm32f4xx_hal_timebase_tim.o
 .debug_line    0x0000000000003beb      0x754 Core/Src/stm32f4xx_it.o
 .debug_line    0x000000000000433f      0x6db Core/Src/system_stm32f4xx.o
 .debug_line    0x0000000000004a1a       0x85 Core/Startup/startup_stm32f429ietx.o
 .debug_line    0x0000000000004a9f      0x8e9 Drivers/STM32F4xx_HAL_Driver/Src/stm32f4xx_hal.o
 .debug_line    0x0000000000005388      0x9e9 Drivers/STM32F4xx_HAL_Driver/Src/stm32f4xx_hal_cortex.o
 .debug_line    0x0000000000005d71      0x993 Drivers/STM32F4xx_HAL_Driver/Src/stm32f4xx_hal_dma.o
 .debug_line    0x0000000000006704      0x8cc Drivers/STM32F4xx_HAL_Driver/Src/stm32f4xx_hal_gpio.o
 .debug_line    0x0000000000006fd0      0x7b7 Drivers/STM32F4xx_HAL_Driver/Src/stm32f4xx_hal_pwr_ex.o
 .debug_line    0x0000000000007787      0x91d Drivers/STM32F4xx_HAL_Driver/Src/stm32f4xx_hal_rcc.o
 .debug_line    0x00000000000080a4     0x1081 Drivers/STM32F4xx_HAL_Driver/Src/stm32f4xx_hal_spi.o
 .debug_line    0x0000000000009125     0x193e Drivers/STM32F4xx_HAL_Driver/Src/stm32f4xx_hal_tim.o
 .debug_line    0x000000000000aa63      0xcdb Drivers/STM32F4xx_HAL_Driver/Src/stm32f4xx_hal_tim_ex.o
 .debug_line    0x000000000000b73e      0xcc0 Middlewares/Third_Party/FreeRTOS/Source/CMSIS_RTOS/cmsis_os.o
 .debug_line    0x000000000000c3fe      0x66c Middlewares/Third_Party/FreeRTOS/Source/list.o
 .debug_line    0x000000000000ca6a     0x1133 Middlewares/Third_Party/FreeRTOS/Source/tasks.o
 .debug_line    0x000000000000db9d      0x6a3 Middlewares/Third_Party/FreeRTOS/Source/portable/GCC/ARM_CM4F/port.o
 .debug_line    0x000000000000e240      0x752 Middlewares/Third_Party/FreeRTOS/Source/portable/MemMang/heap_4.o

.debug_str      0x0000000000000000    0xdfe58
 .debug_str     0x0000000000000000    0xd0e0f Core/Src/dma.o
                                      0xd10ae (size before relaxing)
 .debug_str     0x00000000000d0e0f     0x6187 Core/Src/freertos.o
                                      0xd6bfa (size before relaxing)
 .debug_str     0x00000000000d6f96       0xae Core/Src/gpio.o
                                      0xd0bfc (size before relaxing)
 .debug_str     0x00000000000d7044      0x86f Core/Src/ili9341.o
                                      0xd1394 (size before relaxing)
 .debug_str     0x00000000000d78b3      0x34a Core/Src/main.o
                                      0xd74f9 (size before relaxing)
 .debug_str     0x00000000000d7bfd       0x58 Core/Src/spi.o
                                      0xd1066 (size before relaxing)
 .debug_str     0x00000000000d7c55       0x2c Core/Src/stm32f4xx_hal_msp.o
                                      0xd0b61 (size before relaxing)
 .debug_str     0x00000000000d7c81       0x98 Core/Src/stm32f4xx_hal_timebase_tim.o
                                      0xd1533 (size before relaxing)
 .debug_str     0x00000000000d7d19       0xbe Core/Src/stm32f4xx_it.o
                                      0xd0f0f (size before relaxing)
 .debug_str     0x00000000000d7dd7       0xc4 Core/Src/system_stm32f4xx.o
                                      0xd0b59 (size before relaxing)
 .debug_str     0x00000000000d7e9b       0x36 Core/Startup/startup_stm32f429ietx.o
                                         0x77 (size before relaxing)
 .debug_str     0x00000000000d7ed1      0x57d Drivers/STM32F4xx_HAL_Driver/Src/stm32f4xx_hal.o
                                      0xd16c5 (size before relaxing)
 .debug_str     0x00000000000d844e      0x389 Drivers/STM32F4xx_HAL_Driver/Src/stm32f4xx_hal_cortex.o
                                      0xd1466 (size before relaxing)
 .debug_str     0x00000000000d87d7      0x31d Drivers/STM32F4xx_HAL_Driver/Src/stm32f4xx_hal_dma.o
                                      0xd0f5b (size before relaxing)
 .debug_str     0x00000000000d8af4      0x1fe Drivers/STM32F4xx_HAL_Driver/Src/stm32f4xx_hal_gpio.o
                                      0xd0d98 (size before relaxing)
 .debug_str     0x00000000000d8cf2      0x135 Drivers/STM32F4xx_HAL_Driver/Src/stm32f4xx_hal_pwr_ex.o
                                      0xd0d3c (size before relaxing)
 .debug_str     0x00000000000d8e27      0x24f Drivers/STM32F4xx_HAL_Driver/Src/stm32f4xx_hal_rcc.o
                                      0xd0f46 (size before relaxing)
 .debug_str     0x00000000000d9076      0x549 Drivers/STM32F4xx_HAL_Driver/Src/stm32f4xx_hal_spi.o
                                      0xd13b4 (size before relaxing)
 .debug_str     0x00000000000d95bf      0xd69 Drivers/STM32F4xx_HAL_Driver/Src/stm32f4xx_hal_tim.o
                                      0xd1c52 (size before relaxing)
 .debug_str     0x00000000000da328      0x4ec Drivers/STM32F4xx_HAL_Driver/Src/stm32f4xx_hal_tim_ex.o
                                      0xd1452 (size before relaxing)
 .debug_str     0x00000000000da814     0x37cb Middlewares/Third_Party/FreeRTOS/Source/CMSIS_RTOS/cmsis_os.o
                                       0xe13f (size before relaxing)
 .debug_str     0x00000000000ddfdf      0x219 Middlewares/Third_Party/FreeRTOS/Source/list.o
                                       0xa771 (size before relaxing)
 .debug_str     0x00000000000de1f8     0x1203 Middlewares/Third_Party/FreeRTOS/Source/tasks.o
                                       0xc992 (size before relaxing)
 .debug_str     0x00000000000df3fb      0x803 Middlewares/Third_Party/FreeRTOS/Source/portable/GCC/ARM_CM4F/port.o
                                       0x853a (size before relaxing)
 .debug_str     0x00000000000dfbfe      0x25a Middlewares/Third_Party/FreeRTOS/Source/portable/MemMang/heap_4.o
                                       0xaf64 (size before relaxing)

.comment        0x0000000000000000       0x7b
 .comment       0x0000000000000000       0x7b Core/Src/dma.o
                                         0x7c (size before relaxing)
 .comment       0x000000000000007b       0x7c Core/Src/freertos.o
 .comment       0x000000000000007b       0x7c Core/Src/gpio.o
 .comment       0x000000000000007b       0x7c Core/Src/ili9341.o
 .comment       0x000000000000007b       0x7c Core/Src/main.o
 .comment       0x000000000000007b       0x7c Core/Src/spi.o
 .comment       0x000000000000007b       0x7c Core/Src/stm32f4xx_hal_msp.o
 .comment       0x000000000000007b       0x7c Core/Src/stm32f4xx_hal_timebase_tim.o
 .comment       0x000000000000007b       0x7c Core/Src/stm32f4xx_it.o
 .comment       0x000000000000007b       0x7c Core/Src/system_stm32f4xx.o
 .comment       0x000000000000007b       0x7c Drivers/STM32F4xx_HAL_Driver/Src/stm32f4xx_hal.o
 .comment       0x000000000000007b       0x7c Drivers/STM32F4xx_HAL_Driver/Src/stm32f4xx_hal_cortex.o
 .comment       0x000000000000007b       0x7c Drivers/STM32F4xx_HAL_Driver/Src/stm32f4xx_hal_dma.o
 .comment       0x000000000000007b       0x7c Drivers/STM32F4xx_HAL_Driver/Src/stm32f4xx_hal_gpio.o
 .comment       0x000000000000007b       0x7c Drivers/STM32F4xx_HAL_Driver/Src/stm32f4xx_hal_pwr_ex.o
 .comment       0x000000000000007b       0x7c Drivers/STM32F4xx_HAL_Driver/Src/stm32f4xx_hal_rcc.o
 .comment       0x000000000000007b       0x7c Drivers/STM32F4xx_HAL_Driver/Src/stm32f4xx_hal_spi.o
 .comment       0x000000000000007b       0x7c Drivers/STM32F4xx_HAL_Driver/Src/stm32f4xx_hal_tim.o
 .comment       0x000000000000007b       0x7c Drivers/STM32F4xx_HAL_Driver/Src/stm32f4xx_hal_tim_ex.o
 .comment       0x000000000000007b       0x7c Middlewares/Third_Party/FreeRTOS/Source/CMSIS_RTOS/cmsis_os.o
 .comment       0x000000000000007b       0x7c Middlewares/Third_Party/FreeRTOS/Source/list.o
 .comment       0x000000000000007b       0x7c Middlewares/Third_Party/FreeRTOS/Source/tasks.o
 .comment       0x000000000000007b       0x7c Middlewares/Third_Party/FreeRTOS/Source/portable/GCC/ARM_CM4F/port.o
 .comment       0x000000000000007b       0x7c Middlewares/Third_Party/FreeRTOS/Source/portable/MemMang/heap_4.o

.debug_frame    0x0000000000000000     0x478c
 .debug_frame   0x0000000000000000       0x34 Core/Src/dma.o
 .debug_frame   0x0000000000000034       0x80 Core/Src/freertos.o
 .debug_frame   0x00000000000000b4       0x34 Core/Src/gpio.o
 .debug_frame   0x00000000000000e8      0x21c Core/Src/ili9341.o
 .debug_frame   0x0000000000000304       0xbc Core/Src/main.o
 .debug_frame   0x00000000000003c0       0x74 Core/Src/spi.o
 .debug_frame   0x0000000000000434       0x38 Core/Src/stm32f4xx_hal_msp.o
 .debug_frame   0x000000000000046c       0x74 Core/Src/stm32f4xx_hal_timebase_tim.o
 .debug_frame   0x00000000000004e0       0xe8 Core/Src/stm32f4xx_it.o
 .debug_frame   0x00000000000005c8       0x58 Core/Src/system_stm32f4xx.o
 .debug_frame   0x0000000000000620      0x3b4 Drivers/STM32F4xx_HAL_Driver/Src/stm32f4xx_hal.o
 .debug_frame   0x00000000000009d4      0x498 Drivers/STM32F4xx_HAL_Driver/Src/stm32f4xx_hal_cortex.o
 .debug_frame   0x0000000000000e6c      0x250 Drivers/STM32F4xx_HAL_Driver/Src/stm32f4xx_hal_dma.o
 .debug_frame   0x00000000000010bc      0x14c Drivers/STM32F4xx_HAL_Driver/Src/stm32f4xx_hal_gpio.o
 .debug_frame   0x0000000000001208      0x14c Drivers/STM32F4xx_HAL_Driver/Src/stm32f4xx_hal_pwr_ex.o
 .debug_frame   0x0000000000001354      0x1f0 Drivers/STM32F4xx_HAL_Driver/Src/stm32f4xx_hal_rcc.o
 .debug_frame   0x0000000000001544      0x824 Drivers/STM32F4xx_HAL_Driver/Src/stm32f4xx_hal_spi.o
 .debug_frame   0x0000000000001d68     0x10f0 Drivers/STM32F4xx_HAL_Driver/Src/stm32f4xx_hal_tim.o
 .debug_frame   0x0000000000002e58      0x5c0 Drivers/STM32F4xx_HAL_Driver/Src/stm32f4xx_hal_tim_ex.o
 .debug_frame   0x0000000000003418      0x80c Middlewares/Third_Party/FreeRTOS/Source/CMSIS_RTOS/cmsis_os.o
 .debug_frame   0x0000000000003c24       0xd8 Middlewares/Third_Party/FreeRTOS/Source/list.o
 .debug_frame   0x0000000000003cfc      0x734 Middlewares/Third_Party/FreeRTOS/Source/tasks.o
 .debug_frame   0x0000000000004430      0x1a8 Middlewares/Third_Party/FreeRTOS/Source/portable/GCC/ARM_CM4F/port.o
 .debug_frame   0x00000000000045d8      0x108 Middlewares/Third_Party/FreeRTOS/Source/portable/MemMang/heap_4.o
 .debug_frame   0x00000000000046e0       0x2c c:/st/stm32cubeide_1.1.0/stm32cubeide/plugins/com.st.stm32cube.ide.mcu.externaltools.gnu-tools-for-stm32.7-2018-q2-update.win32_1.4.0.202007081208/tools/bin/../lib/gcc/arm-none-eabi/7.3.1/../../../../arm-none-eabi/lib/thumb/v7e-m/fpv4-sp/hard\libc_nano.a(lib_a-init.o)
 .debug_frame   0x000000000000470c       0x20 c:/st/stm32cubeide_1.1.0/stm32cubeide/plugins/com.st.stm32cube.ide.mcu.externaltools.gnu-tools-for-stm32.7-2018-q2-update.win32_1.4.0.202007081208/tools/bin/../lib/gcc/arm-none-eabi/7.3.1/../../../../arm-none-eabi/lib/thumb/v7e-m/fpv4-sp/hard\libc_nano.a(lib_a-memset.o)
 .debug_frame   0x000000000000472c       0x2c c:/st/stm32cubeide_1.1.0/stm32cubeide/plugins/com.st.stm32cube.ide.mcu.externaltools.gnu-tools-for-stm32.7-2018-q2-update.win32_1.4.0.202007081208/tools/bin/../lib/gcc/arm-none-eabi/7.3.1/thumb/v7e-m/fpv4-sp/hard\libgcc.a(_aeabi_uldivmod.o)
 .debug_frame   0x0000000000004758       0x34 c:/st/stm32cubeide_1.1.0/stm32cubeide/plugins/com.st.stm32cube.ide.mcu.externaltools.gnu-tools-for-stm32.7-2018-q2-update.win32_1.4.0.202007081208/tools/bin/../lib/gcc/arm-none-eabi/7.3.1/thumb/v7e-m/fpv4-sp/hard\libgcc.a(_udivmoddi4.o)
